Component: Arm Compiler for Embedded 6.18 Tool: armlink [5e4cc100]

==============================================================================

Section Cross References

    startup_stm32f407xx.o(STACK) refers (Special) to heapauxi.o(.text) for __use_two_region_memory
    startup_stm32f407xx.o(HEAP) refers (Special) to heapauxi.o(.text) for __use_two_region_memory
    startup_stm32f407xx.o(RESET) refers (Special) to heapauxi.o(.text) for __use_two_region_memory
    startup_stm32f407xx.o(RESET) refers to startup_stm32f407xx.o(STACK) for __initial_sp
    startup_stm32f407xx.o(RESET) refers to startup_stm32f407xx.o(.text) for Reset_Handler
    startup_stm32f407xx.o(RESET) refers to stm32f4xx_it.o(.text.NMI_Handler) for NMI_Handler
    startup_stm32f407xx.o(RESET) refers to stm32f4xx_it.o(.text.HardFault_Handler) for HardFault_Handler
    startup_stm32f407xx.o(RESET) refers to stm32f4xx_it.o(.text.MemManage_Handler) for MemManage_Handler
    startup_stm32f407xx.o(RESET) refers to stm32f4xx_it.o(.text.BusFault_Handler) for BusFault_Handler
    startup_stm32f407xx.o(RESET) refers to stm32f4xx_it.o(.text.UsageFault_Handler) for UsageFault_Handler
    startup_stm32f407xx.o(RESET) refers to stm32f4xx_it.o(.text.SVC_Handler) for SVC_Handler
    startup_stm32f407xx.o(RESET) refers to stm32f4xx_it.o(.text.DebugMon_Handler) for DebugMon_Handler
    startup_stm32f407xx.o(RESET) refers to stm32f4xx_it.o(.text.PendSV_Handler) for PendSV_Handler
    startup_stm32f407xx.o(RESET) refers to stm32f4xx_it.o(.text.SysTick_Handler) for SysTick_Handler
    startup_stm32f407xx.o(.text) refers (Special) to heapauxi.o(.text) for __use_two_region_memory
    startup_stm32f407xx.o(.text) refers to system_stm32f4xx.o(.text.SystemInit) for SystemInit
    startup_stm32f407xx.o(.text) refers to __main.o(!!!main) for __main
    startup_stm32f407xx.o(.text) refers to startup_stm32f407xx.o(HEAP) for Heap_Mem
    startup_stm32f407xx.o(.text) refers to startup_stm32f407xx.o(STACK) for Stack_Mem
    tj_mpu6050.o(.text.MPU6050_Init) refers to tj_mpu6050.o(.bss..L_MergedGlobals) for .L_MergedGlobals
    tj_mpu6050.o(.text.MPU6050_Init) refers to rt_memcpy_w.o(.text) for __aeabi_memcpy4
    tj_mpu6050.o(.ARM.exidx.text.MPU6050_Init) refers to tj_mpu6050.o(.text.MPU6050_Init) for [Anonymous Symbol]
    tj_mpu6050.o(.text.I2C_Read) refers to tj_mpu6050.o(.bss..L_MergedGlobals) for .L_MergedGlobals
    tj_mpu6050.o(.text.I2C_Read) refers to stm32f4xx_hal_i2c.o(.text.HAL_I2C_Master_Transmit) for HAL_I2C_Master_Transmit
    tj_mpu6050.o(.text.I2C_Read) refers to stm32f4xx_hal_i2c.o(.text.HAL_I2C_Master_Receive) for HAL_I2C_Master_Receive
    tj_mpu6050.o(.ARM.exidx.text.I2C_Read) refers to tj_mpu6050.o(.text.I2C_Read) for [Anonymous Symbol]
    tj_mpu6050.o(.text.I2C_Write8) refers to tj_mpu6050.o(.bss..L_MergedGlobals) for .L_MergedGlobals
    tj_mpu6050.o(.text.I2C_Write8) refers to stm32f4xx_hal_i2c.o(.text.HAL_I2C_Master_Transmit) for HAL_I2C_Master_Transmit
    tj_mpu6050.o(.ARM.exidx.text.I2C_Write8) refers to tj_mpu6050.o(.text.I2C_Write8) for [Anonymous Symbol]
    tj_mpu6050.o(.text.MPU6050_Config) refers to tj_mpu6050.o(.bss..L_MergedGlobals) for .L_MergedGlobals
    tj_mpu6050.o(.text.MPU6050_Config) refers to stm32f4xx_hal_i2c.o(.text.HAL_I2C_Master_Transmit) for HAL_I2C_Master_Transmit
    tj_mpu6050.o(.text.MPU6050_Config) refers to stm32f4xx_hal.o(.text.HAL_Delay) for HAL_Delay
    tj_mpu6050.o(.ARM.exidx.text.MPU6050_Config) refers to tj_mpu6050.o(.text.MPU6050_Config) for [Anonymous Symbol]
    tj_mpu6050.o(.text.MPU6050_Set_SMPRT_DIV) refers to tj_mpu6050.o(.bss..L_MergedGlobals) for .L_MergedGlobals
    tj_mpu6050.o(.text.MPU6050_Set_SMPRT_DIV) refers to stm32f4xx_hal_i2c.o(.text.HAL_I2C_Master_Transmit) for HAL_I2C_Master_Transmit
    tj_mpu6050.o(.ARM.exidx.text.MPU6050_Set_SMPRT_DIV) refers to tj_mpu6050.o(.text.MPU6050_Set_SMPRT_DIV) for [Anonymous Symbol]
    tj_mpu6050.o(.text.MPU6050_Get_SMPRT_DIV) refers to tj_mpu6050.o(.bss..L_MergedGlobals) for .L_MergedGlobals
    tj_mpu6050.o(.text.MPU6050_Get_SMPRT_DIV) refers to stm32f4xx_hal_i2c.o(.text.HAL_I2C_Master_Transmit) for HAL_I2C_Master_Transmit
    tj_mpu6050.o(.text.MPU6050_Get_SMPRT_DIV) refers to stm32f4xx_hal_i2c.o(.text.HAL_I2C_Master_Receive) for HAL_I2C_Master_Receive
    tj_mpu6050.o(.ARM.exidx.text.MPU6050_Get_SMPRT_DIV) refers to tj_mpu6050.o(.text.MPU6050_Get_SMPRT_DIV) for [Anonymous Symbol]
    tj_mpu6050.o(.text.MPU6050_Get_FSYNC) refers to tj_mpu6050.o(.bss..L_MergedGlobals) for .L_MergedGlobals
    tj_mpu6050.o(.text.MPU6050_Get_FSYNC) refers to stm32f4xx_hal_i2c.o(.text.HAL_I2C_Master_Transmit) for HAL_I2C_Master_Transmit
    tj_mpu6050.o(.text.MPU6050_Get_FSYNC) refers to stm32f4xx_hal_i2c.o(.text.HAL_I2C_Master_Receive) for HAL_I2C_Master_Receive
    tj_mpu6050.o(.ARM.exidx.text.MPU6050_Get_FSYNC) refers to tj_mpu6050.o(.text.MPU6050_Get_FSYNC) for [Anonymous Symbol]
[...]
    ../clib/signal.c                         0x00000000   Number         0  __raise.o ABSOLUTE
    ../clib/signal.c                         0x00000000   Number         0  defsig_general.o ABSOLUTE
    ../clib/signal.c                         0x00000000   Number         0  defsig_rtmem_outer.o ABSOLUTE
    ../clib/signal.c                         0x00000000   Number         0  defsig_rtmem_formal.o ABSOLUTE
    ../clib/signal.c                         0x00000000   Number         0  defsig_abrt_inner.o ABSOLUTE
    ../clib/signal.c                         0x00000000   Number         0  defsig_rtred_inner.o ABSOLUTE
    ../clib/signal.c                         0x00000000   Number         0  defsig_rtmem_inner.o ABSOLUTE
    ../clib/signal.c                         0x00000000   Number         0  defsig_stak_inner.o ABSOLUTE
    ../clib/signal.c                         0x00000000   Number         0  defsig_pvfn_inner.o ABSOLUTE
    ../clib/signal.c                         0x00000000   Number         0  defsig_cppl_inner.o ABSOLUTE
    ../clib/signal.c                         0x00000000   Number         0  defsig_segv_inner.o ABSOLUTE
    ../clib/signal.c                         0x00000000   Number         0  defsig_other.o ABSOLUTE
    ../clib/signal.s                         0x00000000   Number         0  defsig.o ABSOLUTE
    ../clib/stdlib.c                         0x00000000   Number         0  exit.o ABSOLUTE
    ../fplib/basic.s                         0x00000000   Number         0  basic.o ABSOLUTE
    ../fplib/d2f.s                           0x00000000   Number         0  d2f.o ABSOLUTE
    ../fplib/daddsub.s                       0x00000000   Number         0  daddsub_clz.o ABSOLUTE
    ../fplib/dcmpi.s                         0x00000000   Number         0  dcmpi.o ABSOLUTE
    ../fplib/ddiv.s                          0x00000000   Number         0  ddiv.o ABSOLUTE
    ../fplib/deqf.s                          0x00000000   Number         0  deqf.o ABSOLUTE
    ../fplib/dmul.s                          0x00000000   Number         0  dmul.o ABSOLUTE
    ../fplib/dnaninf.s                       0x00000000   Number         0  dnaninf.o ABSOLUTE
    ../fplib/dretinf.s                       0x00000000   Number         0  dretinf.o ABSOLUTE
    ../fplib/f2d.s                           0x00000000   Number         0  f2d.o ABSOLUTE
    ../fplib/fnaninf.s                       0x00000000   Number         0  fnaninf.o ABSOLUTE
    ../fplib/fpinit.s                        0x00000000   Number         0  fpinit.o ABSOLUTE
    ../fplib/fretinf.s                       0x00000000   Number         0  fretinf.o ABSOLUTE
    ../fplib/istatus.s                       0x00000000   Number         0  istatus.o ABSOLUTE
    ../fplib/printf1.s                       0x00000000   Number         0  printf1.o ABSOLUTE
    ../fplib/usenofp.s                       0x00000000   Number         0  usenofp.o ABSOLUTE
    ../mathlib/atan.c                        0x00000000   Number         0  atan.o ABSOLUTE
    ../mathlib/atan2.c                       0x00000000   Number         0  atan2.o ABSOLUTE
    ../mathlib/dunder.c                      0x00000000   Number         0  dunder.o ABSOLUTE
    ../mathlib/fabs.c                        0x00000000   Number         0  fabs.o ABSOLUTE
    ../mathlib/fpclassify.c                  0x00000000   Number         0  fpclassify.o ABSOLUTE
    ../mathlib/poly.c                        0x00000000   Number         0  poly.o ABSOLUTE
    ../mathlib/qnan.c                        0x00000000   Number         0  qnan.o ABSOLUTE
    TJ_MPU6050.c                             0x00000000   Number         0  tj_mpu6050.o ABSOLUTE
    dc.s                                     0x00000000   Number         0  dc.o ABSOLUTE
    ds1307_for_stm32_hal.c                   0x00000000   Number         0  ds1307_for_stm32_hal.o ABSOLUTE
    i2c-lcd.c                                0x00000000   Number         0  i2c-lcd.o ABSOLUTE
    main.c                                   0x00000000   Number         0  main.o ABSOLUTE
    startup_stm32f407xx.s                    0x00000000   Number         0  startup_stm32f407xx.o ABSOLUTE
    stm32f4xx_hal.c                          0x00000000   Number         0  stm32f4xx_hal.o ABSOLUTE
    stm32f4xx_hal_cortex.c                   0x00000000   Number         0  stm32f4xx_hal_cortex.o ABSOLUTE
    stm32f4xx_hal_dma.c                      0x00000000   Number         0  stm32f4xx_hal_dma.o ABSOLUTE
    stm32f4xx_hal_dma_ex.c                   0x00000000   Number         0  stm32f4xx_hal_dma_ex.o ABSOLUTE
    stm32f4xx_hal_exti.c                     0x00000000   Number         0  stm32f4xx_hal_exti.o ABSOLUTE
    stm32f4xx_hal_flash.c                    0x00000000   Number         0  stm32f4xx_hal_flash.o ABSOLUTE
    stm32f4xx_hal_flash_ex.c                 0x00000000   Number         0  stm32f4xx_hal_flash_ex.o ABSOLUTE
    stm32f4xx_hal_flash_ramfunc.c            0x00000000   Number         0  stm32f4xx_hal_flash_ramfunc.o ABSOLUTE
    stm32f4xx_hal_gpio.c                     0x00000000   Number         0  stm32f4xx_hal_gpio.o ABSOLUTE
    stm32f4xx_hal_i2c.c                      0x00000000   Number         0  stm32f4xx_hal_i2c.o ABSOLUTE
    stm32f4xx_hal_i2c_ex.c                   0x00000000   Number         0  stm32f4xx_hal_i2c_ex.o ABSOLUTE
    stm32f4xx_hal_msp.c                      0x00000000   Number         0  stm32f4xx_hal_msp.o ABSOLUTE
    stm32f4xx_hal_pwr.c                      0x00000000   Number         0  stm32f4xx_hal_pwr.o ABSOLUTE
    stm32f4xx_hal_pwr_ex.c                   0x00000000   Number         0  stm32f4xx_hal_pwr_ex.o ABSOLUTE
    stm32f4xx_hal_rcc.c                      0x00000000   Number         0  stm32f4xx_hal_rcc.o ABSOLUTE
    stm32f4xx_hal_rcc_ex.c                   0x00000000   Number         0  stm32f4xx_hal_rcc_ex.o ABSOLUTE
    stm32f4xx_hal_tim.c                      0x00000000   Number         0  stm32f4xx_hal_tim.o ABSOLUTE
    stm32f4xx_hal_tim_ex.c                   0x00000000   Number         0  stm32f4xx_hal_tim_ex.o ABSOLUTE
    stm32f4xx_it.c                           0x00000000   Number         0  stm32f4xx_it.o ABSOLUTE
    system_stm32f4xx.c                       0x00000000   Number         0  system_stm32f4xx.o ABSOLUTE
    RESET                                    0x08000000   Section      392  startup_stm32f407xx.o(RESET)
    !!!main                                  0x08000188   Section        8  __main.o(!!!main)
    !!!scatter                               0x08000190   Section       52  __scatter.o(!!!scatter)
    !!handler_copy                           0x080001c4   Section       26  __scatter_copy.o(!!handler_copy)
    !!handler_zi                             0x080001e0   Section       28  __scatter_zi.o(!!handler_zi)
    .ARM.Collect$$_printf_percent$$00000000  0x080001fc   Section        0  _printf_percent.o(.ARM.Collect$$_printf_percent$$00000000)
    .ARM.Collect$$_printf_percent$$00000003  0x080001fc   Section        6  _printf_f.o(.ARM.Collect$$_printf_percent$$00000003)
    .ARM.Collect$$_printf_percent$$00000009  0x08000202   Section        6  _printf_d.o(.ARM.Collect$$_printf_percent$$00000009)
    .ARM.Collect$$_printf_percent$$00000017  0x08000208   Section        4  _printf_percent_end.o(.ARM.Collect$$_printf_percent$$00000017)
    .ARM.Collect$$libinit$$00000000          0x0800020c   Section        2  libinit.o(.ARM.Collect$$libinit$$00000000)
    .ARM.Collect$$libinit$$00000001          0x0800020e   Section        4  libinit2.o(.ARM.Collect$$libinit$$00000001)
    .ARM.Collect$$libinit$$00000004          0x08000212   Section        0  libinit2.o(.ARM.Collect$$libinit$$00000004)
    .ARM.Collect$$libinit$$00000006          0x08000212   Section        0  libinit2.o(.ARM.Collect$$libinit$$00000006)
    .ARM.Collect$$libinit$$0000000C          0x08000212   Section        0  libinit2.o(.ARM.Collect$$libinit$$0000000C)
    .ARM.Collect$$libinit$$0000000E          0x08000212   Section        0  libinit2.o(.ARM.Collect$$libinit$$0000000E)
    .ARM.Collect$$libinit$$00000010          0x08000212   Section        0  libinit2.o(.ARM.Collect$$libinit$$00000010)
    .ARM.Collect$$libinit$$00000011          0x08000212   Section        6  libinit2.o(.ARM.Collect$$libinit$$00000011)
    .ARM.Collect$$libinit$$00000013          0x08000218   Section        0  libinit2.o(.ARM.Collect$$libinit$$00000013)
    .ARM.Collect$$libinit$$00000015          0x08000218   Section        0  libinit2.o(.ARM.Collect$$libinit$$00000015)
    .ARM.Collect$$libinit$$00000017          0x08000218   Section        0  libinit2.o(.ARM.Collect$$libinit$$00000017)
    .ARM.Collect$$libinit$$00000018          0x08000218   Section       10  libinit2.o(.ARM.Collect$$libinit$$00000018)
    .ARM.Collect$$libinit$$00000019          0x08000222   Section        0  libinit2.o(.ARM.Collect$$libinit$$00000019)
    .ARM.Collect$$libinit$$0000001B          0x08000222   Section        0  libinit2.o(.ARM.Collect$$libinit$$0000001B)
    .ARM.Collect$$libinit$$0000001D          0x08000222   Section        0  libinit2.o(.ARM.Collect$$libinit$$0000001D)
    .ARM.Collect$$libinit$$0000001F          0x08000222   Section        0  libinit2.o(.ARM.Collect$$libinit$$0000001F)
    .ARM.Collect$$libinit$$00000021          0x08000222   Section        0  libinit2.o(.ARM.Collect$$libinit$$00000021)
    .ARM.Collect$$libinit$$00000023          0x08000222   Section        0  libinit2.o(.ARM.Collect$$libinit$$00000023)
    .ARM.Collect$$libinit$$00000025          0x08000222   Section        0  libinit2.o(.ARM.Collect$$libinit$$00000025)
    .ARM.Collect$$libinit$$00000027          0x08000222   Section        0  libinit2.o(.ARM.Collect$$libinit$$00000027)
    .ARM.Collect$$libinit$$0000002E          0x08000222   Section        0  libinit2.o(.ARM.Collect$$libinit$$0000002E)
    .ARM.Collect$$libinit$$00000030          0x08000222   Section        0  libinit2.o(.ARM.Collect$$libinit$$00000030)
    .ARM.Collect$$libinit$$00000032          0x08000222   Section        0  libinit2.o(.ARM.Collect$$libinit$$00000032)
    .ARM.Collect$$libinit$$00000034          0x08000222   Section        0  libinit2.o(.ARM.Collect$$libinit$$00000034)
    .ARM.Collect$$libinit$$00000035          0x08000222   Section        2  libinit2.o(.ARM.Collect$$libinit$$00000035)
    .ARM.Collect$$libshutdown$$00000000      0x08000224   Section        2  libshutdown.o(.ARM.Collect$$libshutdown$$00000000)
    .ARM.Collect$$libshutdown$$00000002      0x08000226   Section        0  libshutdown2.o(.ARM.Collect$$libshutdown$$00000002)
    .ARM.Collect$$libshutdown$$00000004      0x08000226   Section        0  libshutdown2.o(.ARM.Collect$$libshutdown$$00000004)
    .ARM.Collect$$libshutdown$$00000007      0x08000226   Section        0  libshutdown2.o(.ARM.Collect$$libshutdown$$00000007)
    .ARM.Collect$$libshutdown$$0000000A      0x08000226   Section        0  libshutdown2.o(.ARM.Collect$$libshutdown$$0000000A)
    .ARM.Collect$$libshutdown$$0000000C      0x08000226   Section        0  libshutdown2.o(.ARM.Collect$$libshutdown$$0000000C)
    .ARM.Collect$$libshutdown$$0000000F      0x08000226   Section        0  libshutdown2.o(.ARM.Collect$$libshutdown$$0000000F)
    .ARM.Collect$$libshutdown$$00000010      0x08000226   Section        2  libshutdown2.o(.ARM.Collect$$libshutdown$$00000010)
    .ARM.Collect$$rtentry$$00000000          0x08000228   Section        0  __rtentry.o(.ARM.Collect$$rtentry$$00000000)
    .ARM.Collect$$rtentry$$00000002          0x08000228   Section        0  __rtentry2.o(.ARM.Collect$$rtentry$$00000002)
    .ARM.Collect$$rtentry$$00000004          0x08000228   Section        6  __rtentry4.o(.ARM.Collect$$rtentry$$00000004)
    .ARM.Collect$$rtentry$$00000009          0x0800022e   Section        0  __rtentry2.o(.ARM.Collect$$rtentry$$00000009)
    .ARM.Collect$$rtentry$$0000000A          0x0800022e   Section        4  __rtentry2.o(.ARM.Collect$$rtentry$$0000000A)
    .ARM.Collect$$rtentry$$0000000C          0x08000232   Section        0  __rtentry2.o(.ARM.Collect$$rtentry$$0000000C)
    .ARM.Collect$$rtentry$$0000000D          0x08000232   Section        8  __rtentry2.o(.ARM.Collect$$rtentry$$0000000D)
    .ARM.Collect$$rtexit$$00000000           0x0800023a   Section        2  rtexit.o(.ARM.Collect$$rtexit$$00000000)
    .ARM.Collect$$rtexit$$00000002           0x0800023c   Section        0  rtexit2.o(.ARM.Collect$$rtexit$$00000002)
    .ARM.Collect$$rtexit$$00000003           0x0800023c   Section        4  rtexit2.o(.ARM.Collect$$rtexit$$00000003)
    .ARM.Collect$$rtexit$$00000004           0x08000240   Section        6  rtexit2.o(.ARM.Collect$$rtexit$$00000004)
    $v0                                      0x08000248   Number         0  startup_stm32f407xx.o(.text)
    .text                                    0x08000248   Section       64  startup_stm32f407xx.o(.text)
    .text                                    0x08000288   Section      240  lludivv7m.o(.text)
    .text                                    0x08000378   Section        0  noretval__2snprintf.o(.text)
    .text                                    0x080003b8   Section        0  __printf.o(.text)
    .text                                    0x08000420   Section        0  _printf_dec.o(.text)
    .text                                    0x08000498   Section      100  rt_memcpy_w.o(.text)
    .text                                    0x080004fc   Section       78  rt_memclr_w.o(.text)
    .text                                    0x0800054a   Section        0  heapauxi.o(.text)
    .text                                    0x08000550   Section        0  _rserrno.o(.text)
    .text                                    0x08000566   Section        0  _printf_intcommon.o(.text)
    _fp_digits                               0x08000619   Thumb Code   432  _printf_fp_dec.o(.text)
    .text                                    0x08000618   Section        0  _printf_fp_dec.o(.text)
    _printf_input_char                       0x08000a35   Thumb Code    10  _printf_char_common.o(.text)
    .text                                    0x08000a34   Section        0  _printf_char_common.o(.text)
    .text                                    0x08000a64   Section        0  _snputc.o(.text)
    .text                                    0x08000a74   Section        8  rt_locale_intlibspace.o(.text)
    .text                                    0x08000a7c   Section        8  rt_errno_addr_intlibspace.o(.text)
    .text                                    0x08000a84   Section      138  lludiv10.o(.text)
    .text                                    0x08000b10   Section        0  _printf_fp_infnan.o(.text)
    .text                                    0x08000b90   Section        0  bigflt0.o(.text)
    .text                                    0x08000c74   Section        8  libspace.o(.text)
    .text                                    0x08000c7c   Section       74  sys_stackheap_outer.o(.text)
    .text                                    0x08000cc6   Section        0  exit.o(.text)
    .text                                    0x08000cd8   Section      124  strcmpv7em.o(.text)
    .text                                    0x08000d54   Section        0  sys_exit.o(.text)
    .text                                    0x08000d60   Section        2  use_no_semi.o(.text)
    .text                                    0x08000d62   Section        0  indicate_semi.o(.text)
    [Anonymous Symbol]                       0x08000d64   Section        0  stm32f4xx_it.o(.text.BusFault_Handler)
    [Anonymous Symbol]                       0x08000d68   Section        0  ds1307_for_stm32_hal.o(.text.DS1307_GetHour)
    [Anonymous Symbol]                       0x08000db8   Section        0  ds1307_for_stm32_hal.o(.text.DS1307_GetMinute)
    [Anonymous Symbol]                       0x08000e08   Section        0  ds1307_for_stm32_hal.o(.text.DS1307_GetSecond)
    [Anonymous Symbol]                       0x08000e58   Section        0  ds1307_for_stm32_hal.o(.text.DS1307_Init)
    [Anonymous Symbol]                       0x08000eb0   Section        0  stm32f4xx_it.o(.text.DebugMon_Handler)
    [Anonymous Symbol]                       0x08000eb4   Section        0  stm32f4xx_hal.o(.text.HAL_Delay)
    [Anonymous Symbol]                       0x08000edc   Section        0  stm32f4xx_hal_gpio.o(.text.HAL_GPIO_Init)
    [Anonymous Symbol]                       0x08001098   Section        0  stm32f4xx_hal_gpio.o(.text.HAL_GPIO_WritePin)
    [Anonymous Symbol]                       0x080010a4   Section        0  stm32f4xx_hal.o(.text.HAL_GetTick)
    [Anonymous Symbol]                       0x080010b0   Section        0  stm32f4xx_hal_i2c.o(.text.HAL_I2C_Init)
    [Anonymous Symbol]                       0x08001228   Section        0  stm32f4xx_hal_i2c.o(.text.HAL_I2C_Master_Receive)
    [Anonymous Symbol]                       0x0800182c   Section        0  stm32f4xx_hal_i2c.o(.text.HAL_I2C_Master_Transmit)
    [Anonymous Symbol]                       0x08001ca4   Section        0  stm32f4xx_hal_msp.o(.text.HAL_I2C_MspInit)
    [Anonymous Symbol]                       0x08001d10   Section        0  stm32f4xx_hal.o(.text.HAL_IncTick)
    [Anonymous Symbol]                       0x08001d2c   Section        0  stm32f4xx_hal.o(.text.HAL_Init)
    [Anonymous Symbol]                       0x08001d64   Section        0  stm32f4xx_hal.o(.text.HAL_InitTick)
    [Anonymous Symbol]                       0x08001dac   Section        0  stm32f4xx_hal_msp.o(.text.HAL_MspInit)
    [Anonymous Symbol]                       0x08001de4   Section        0  stm32f4xx_hal_cortex.o(.text.HAL_NVIC_SetPriority)
    [Anonymous Symbol]                       0x08001e3c   Section        0  stm32f4xx_hal_cortex.o(.text.HAL_NVIC_SetPriorityGrouping)
    [Anonymous Symbol]                       0x08001e5c   Section        0  stm32f4xx_hal_rcc.o(.text.HAL_RCC_ClockConfig)
    [Anonymous Symbol]                       0x08001fbc   Section        0  stm32f4xx_hal_rcc.o(.text.HAL_RCC_GetPCLK1Freq)
    [Anonymous Symbol]                       0x08001fe4   Section        0  stm32f4xx_hal_rcc.o(.text.HAL_RCC_GetSysClockFreq)
    [Anonymous Symbol]                       0x08002050   Section        0  stm32f4xx_hal_rcc.o(.text.HAL_RCC_OscConfig)
    [Anonymous Symbol]                       0x080023c8   Section        0  stm32f4xx_hal_cortex.o(.text.HAL_SYSTICK_Config)
    [Anonymous Symbol]                       0x080023f4   Section        0  stm32f4xx_it.o(.text.HardFault_Handler)
    [Anonymous Symbol]                       0x080023f8   Section        0  tj_mpu6050.o(.text.MPU6050_Config)
    [Anonymous Symbol]                       0x08002520   Section        0  tj_mpu6050.o(.text.MPU6050_Get_Accel_RawData)
    [Anonymous Symbol]                       0x08002600   Section        0  tj_mpu6050.o(.text.MPU6050_Get_Accel_Scale)
    [Anonymous Symbol]                       0x08002658   Section        0  tj_mpu6050.o(.text.MPU6050_Init)
    [Anonymous Symbol]                       0x08002670   Section        0  stm32f4xx_it.o(.text.MemManage_Handler)
    [Anonymous Symbol]                       0x08002674   Section        0  stm32f4xx_it.o(.text.NMI_Handler)
    [Anonymous Symbol]                       0x08002678   Section        0  stm32f4xx_it.o(.text.PendSV_Handler)
    [Anonymous Symbol]                       0x0800267c   Section        0  stm32f4xx_it.o(.text.SVC_Handler)
    [Anonymous Symbol]                       0x08002680   Section        0  stm32f4xx_it.o(.text.SysTick_Handler)
    [Anonymous Symbol]                       0x08002684   Section        0  system_stm32f4xx.o(.text.SystemInit)
    [Anonymous Symbol]                       0x08002698   Section        0  stm32f4xx_it.o(.text.UsageFault_Handler)
    [Anonymous Symbol]                       0x0800269c   Section        0  i2c-lcd.o(.text.lcd_clear)
    [Anonymous Symbol]                       0x080026f0   Section        0  i2c-lcd.o(.text.lcd_init)
    [Anonymous Symbol]                       0x08002808   Section        0  i2c-lcd.o(.text.lcd_send_cmd)
    [Anonymous Symbol]                       0x0800284c   Section        0  i2c-lcd.o(.text.lcd_send_string)
    [Anonymous Symbol]                       0x080028a8   Section        0  main.o(.text.main)
    CL$$btod_d2e                             0x08002d00   Section       62  btod.o(CL$$btod_d2e)
    CL$$btod_d2e_denorm_low                  0x08002d3e   Section       70  btod.o(CL$$btod_d2e_denorm_low)
    CL$$btod_d2e_norm_op1                    0x08002d84   Section       96  btod.o(CL$$btod_d2e_norm_op1)
    CL$$btod_div_common                      0x08002de4   Section      824  btod.o(CL$$btod_div_common)
    CL$$btod_e2e                             0x0800311c   Section      220  btod.o(CL$$btod_e2e)
    CL$$btod_ediv                            0x080031f8   Section       42  btod.o(CL$$btod_ediv)
    CL$$btod_emul                            0x08003222   Section       42  btod.o(CL$$btod_emul)
    CL$$btod_mult_common                     0x0800324c   Section      580  btod.o(CL$$btod_mult_common)
    i.__ARM_fpclassify                       0x08003490   Section        0  fpclassify.o(i.__ARM_fpclassify)
    i.__hardfp_atan                          0x080034c0   Section        0  atan.o(i.__hardfp_atan)
    i.__hardfp_atan2                         0x08003798   Section        0  atan2.o(i.__hardfp_atan2)
    i.__kernel_poly                          0x08003998   Section        0  poly.o(i.__kernel_poly)
    i.__mathlib_dbl_infnan                   0x08003a90   Section        0  dunder.o(i.__mathlib_dbl_infnan)
    i.__mathlib_dbl_infnan2                  0x08003aa4   Section        0  dunder.o(i.__mathlib_dbl_infnan2)
    i.__mathlib_dbl_underflow                0x08003ab8   Section        0  dunder.o(i.__mathlib_dbl_underflow)
    i.atan                                   0x08003ad8   Section        0  atan.o(i.atan)
    i.fabs                                   0x08003ae8   Section        0  fabs.o(i.fabs)
    locale$$code                             0x08003b00   Section       44  lc_numeric_c.o(locale$$code)
    $v0                                      0x08003b2c   Number         0  basic.o(x$fpl$basic)
    x$fpl$basic                              0x08003b2c   Section       24  basic.o(x$fpl$basic)
    $v0                                      0x08003b44   Number         0  d2f.o(x$fpl$d2f)
    x$fpl$d2f                                0x08003b44   Section       98  d2f.o(x$fpl$d2f)
    $v0                                      0x08003ba8   Number         0  daddsub_clz.o(x$fpl$dadd)
    x$fpl$dadd                               0x08003ba8   Section      336  daddsub_clz.o(x$fpl$dadd)
    _dadd1                                   0x08003bb9   Thumb Code     0  daddsub_clz.o(x$fpl$dadd)
    $v0                                      0x08003cf8   Number         0  dcmpi.o(x$fpl$dcmpinf)
    x$fpl$dcmpinf                            0x08003cf8   Section       24  dcmpi.o(x$fpl$dcmpinf)
    $v0                                      0x08003d10   Number         0  ddiv.o(x$fpl$ddiv)
    x$fpl$ddiv                               0x08003d10   Section      692  ddiv.o(x$fpl$ddiv)
    ddiv_entry                               0x08003d17   Thumb Code     0  ddiv.o(x$fpl$ddiv)
    $v0                                      0x08003fc4   Number         0  deqf.o(x$fpl$deqf)
    x$fpl$deqf                               0x08003fc4   Section      120  deqf.o(x$fpl$deqf)
    $v0                                      0x0800403c   Number         0  dmul.o(x$fpl$dmul)
    x$fpl$dmul                               0x0800403c   Section      340  dmul.o(x$fpl$dmul)
    $v0                                      0x08004190   Number         0  dnaninf.o(x$fpl$dnaninf)
    x$fpl$dnaninf                            0x08004190   Section      156  dnaninf.o(x$fpl$dnaninf)
    $v0                                      0x0800422c   Number         0  dretinf.o(x$fpl$dretinf)
    x$fpl$dretinf                            0x0800422c   Section       12  dretinf.o(x$fpl$dretinf)
    $v0                                      0x08004238   Number         0  daddsub_clz.o(x$fpl$drsb)
    x$fpl$drsb                               0x08004238   Section       22  daddsub_clz.o(x$fpl$drsb)
    $v0                                      0x08004250   Number         0  daddsub_clz.o(x$fpl$dsub)
    x$fpl$dsub                               0x08004250   Section      476  daddsub_clz.o(x$fpl$dsub)
    _dsub1                                   0x08004261   Thumb Code     0  daddsub_clz.o(x$fpl$dsub)
    $v0                                      0x0800442c   Number         0  f2d.o(x$fpl$f2d)
    x$fpl$f2d                                0x0800442c   Section       86  f2d.o(x$fpl$f2d)
    $v0                                      0x08004482   Number         0  fnaninf.o(x$fpl$fnaninf)
    x$fpl$fnaninf                            0x08004482   Section      140  fnaninf.o(x$fpl$fnaninf)
    $v0                                      0x0800450e   Number         0  fpinit.o(x$fpl$fpinit)
    x$fpl$fpinit                             0x0800450e   Section       26  fpinit.o(x$fpl$fpinit)
    $v0                                      0x08004528   Number         0  fretinf.o(x$fpl$fretinf)
    x$fpl$fretinf                            0x08004528   Section       10  fretinf.o(x$fpl$fretinf)
    $v0                                      0x08004532   Number         0  printf1.o(x$fpl$printf1)
    x$fpl$printf1                            0x08004532   Section        4  printf1.o(x$fpl$printf1)
    x$fpl$usenofp                            0x08004536   Section        0  usenofp.o(x$fpl$usenofp)
    atanhi                                   0x08004538   Data          32  atan.o(.constdata)
    .constdata                               0x08004538   Section      152  atan.o(.constdata)
    atanlo                                   0x08004558   Data          32  atan.o(.constdata)
    aTodd                                    0x08004578   Data          40  atan.o(.constdata)
    aTeven                                   0x080045a0   Data          48  atan.o(.constdata)
    .constdata                               0x080045d0   Section        8  qnan.o(.constdata)
    tenpwrs_x                                0x080045d8   Data          60  bigflt0.o(.constdata)
    .constdata                               0x080045d8   Section      148  bigflt0.o(.constdata)
    tenpwrs_i                                0x08004614   Data          64  bigflt0.o(.constdata)
    .L.str.8                                 0x08004684   Data          16  main.o(.rodata.str1.1)
    [Anonymous Symbol]                       0x08004684   Section        0  main.o(.rodata.str1.1)
    .L.str.10                                0x08004694   Data          10  main.o(.rodata.str1.1)
    .L.str.9                                 0x0800469e   Data          17  main.o(.rodata.str1.1)
    locale$$data                             0x080046d0   Section       28  lc_numeric_c.o(locale$$data)
    __lcnum_c_name                           0x080046d4   Data           2  lc_numeric_c.o(locale$$data)
    __lcnum_c_start                          0x080046dc   Data           0  lc_numeric_c.o(locale$$data)
    __lcnum_c_point                          0x080046e8   Data           0  lc_numeric_c.o(locale$$data)
    __lcnum_c_thousands                      0x080046ea   Data           0  lc_numeric_c.o(locale$$data)
    __lcnum_c_grouping                       0x080046eb   Data           0  lc_numeric_c.o(locale$$data)
    __lcnum_c_end                            0x080046ec   Data           0  lc_numeric_c.o(locale$$data)
    .L_MergedGlobals                         0x20000000   Data           8  stm32f4xx_hal.o(.data..L_MergedGlobals)
    [Anonymous Symbol]                       0x20000000   Section        0  stm32f4xx_hal.o(.data..L_MergedGlobals)
    .bss                                     0x20000010   Section       96  libspace.o(.bss)
    .L_MergedGlobals                         0x20000070   Data         112  tj_mpu6050.o(.bss..L_MergedGlobals)
    GyroRW.0                                 0x20000070   Data           2  tj_mpu6050.o(.bss..L_MergedGlobals)
    [Anonymous Symbol]                       0x20000070   Section        0  tj_mpu6050.o(.bss..L_MergedGlobals)
    GyroRW.1                                 0x20000072   Data           2  tj_mpu6050.o(.bss..L_MergedGlobals)
    GyroRW.2                                 0x20000074   Data           2  tj_mpu6050.o(.bss..L_MergedGlobals)
    accelScalingFactor                       0x20000078   Data           4  tj_mpu6050.o(.bss..L_MergedGlobals)
    gyroScalingFactor                        0x2000007c   Data           4  tj_mpu6050.o(.bss..L_MergedGlobals)
    A_X_Bias                                 0x20000080   Data           4  tj_mpu6050.o(.bss..L_MergedGlobals)
    A_Y_Bias                                 0x20000084   Data           4  tj_mpu6050.o(.bss..L_MergedGlobals)
    A_Z_Bias                                 0x20000088   Data           4  tj_mpu6050.o(.bss..L_MergedGlobals)
    i2cHandler                               0x2000008c   Data          84  tj_mpu6050.o(.bss..L_MergedGlobals)
    .L_MergedGlobals                         0x200000e0   Data          82  main.o(.bss..L_MergedGlobals)
    [Anonymous Symbol]                       0x200000e0   Section        0  main.o(.bss..L_MergedGlobals)
    Heap_Mem                                 0x20000190   Data         512  startup_stm32f407xx.o(HEAP)
    HEAP                                     0x20000190   Section      512  startup_stm32f407xx.o(HEAP)
    Stack_Mem                                0x20000390   Data        1024  startup_stm32f407xx.o(STACK)
    STACK                                    0x20000390   Section     1024  startup_stm32f407xx.o(STACK)
    __initial_sp                             0x20000790   Data           0  startup_stm32f407xx.o(STACK)

    Global Symbols

    Symbol Name                              Value     Ov Type        Size  Object(Section)

    BuildAttributes$$THM_ISAv4$E$P$D$K$B$S$7EM$VFPi3$EXTD16$VFPS$VFMA$PE$A:L22UL41UL21$X:L11$S22US41US21$IEEE1$IW$~IW$USESV6$~STKCKD$USESV7$~SHL$OTIME$ROPI$IEEEX$EBA8$UX$STANDARDLIB$REQ8$PRES8$EABIv2 0x00000000   Number         0  anon$$obj.o ABSOLUTE
    __ARM_exceptions_init                     - Undefined Weak Reference
    __alloca_initialize                       - Undefined Weak Reference
    __arm_preinit_                            - Undefined Weak Reference
    __arm_relocate_pie_                       - Undefined Weak Reference
    __cpp_initialize__aeabi_                  - Undefined Weak Reference
    __cxa_finalize                            - Undefined Weak Reference
    __sigvec_lookup                           - Undefined Weak Reference
    _atexit_init                              - Undefined Weak Reference
    _call_atexit_fns                          - Undefined Weak Reference
    _clock_init                               - Undefined Weak Reference
    _fp_trap_init                             - Undefined Weak Reference
    _fp_trap_shutdown                         - Undefined Weak Reference
    _get_lc_collate                           - Undefined Weak Reference
    _get_lc_ctype                             - Undefined Weak Reference
    _get_lc_monetary                          - Undefined Weak Reference
    _get_lc_time                              - Undefined Weak Reference
    _getenv_init                              - Undefined Weak Reference
    _handle_redirection                       - Undefined Weak Reference
    _init_alloc                               - Undefined Weak Reference
    _init_user_alloc                          - Undefined Weak Reference
    _initio                                   - Undefined Weak Reference
    _printf_post_padding                      - Undefined Weak Reference
    _printf_pre_padding                       - Undefined Weak Reference
    _printf_truncate_signed                   - Undefined Weak Reference
    _printf_truncate_unsigned                 - Undefined Weak Reference
    _rand_init                                - Undefined Weak Reference
    _signal_finish                            - Undefined Weak Reference
    _signal_init                              - Undefined Weak Reference
    _terminate_alloc                          - Undefined Weak Reference
    _terminate_user_alloc                     - Undefined Weak Reference
    _terminateio                              - Undefined Weak Reference
    __Vectors_Size                           0x00000188   Number         0  startup_stm32f407xx.o ABSOLUTE
    __Vectors                                0x08000000   Data           4  startup_stm32f407xx.o(RESET)
    __Vectors_End                            0x08000188   Data           0  startup_stm32f407xx.o(RESET)
    __main                                   0x08000189   Thumb Code     8  __main.o(!!!main)
    __scatterload                            0x08000191   Thumb Code     0  __scatter.o(!!!scatter)
    __scatterload_rt2                        0x08000191   Thumb Code    44  __scatter.o(!!!scatter)
    __scatterload_rt2_thumb_only             0x08000191   Thumb Code     0  __scatter.o(!!!scatter)
    __scatterload_null                       0x0800019f   Thumb Code     0  __scatter.o(!!!scatter)
    __scatterload_copy                       0x080001c5   Thumb Code    26  __scatter_copy.o(!!handler_copy)
    __scatterload_zeroinit                   0x080001e1   Thumb Code    28  __scatter_zi.o(!!handler_zi)
    _printf_f                                0x080001fd   Thumb Code     0  _printf_f.o(.ARM.Collect$$_printf_percent$$00000003)
    _printf_percent                          0x080001fd   Thumb Code     0  _printf_percent.o(.ARM.Collect$$_printf_percent$$00000000)
    _printf_d                                0x08000203   Thumb Code     0  _printf_d.o(.ARM.Collect$$_printf_percent$$00000009)
    _printf_percent_end                      0x08000209   Thumb Code     0  _printf_percent_end.o(.ARM.Collect$$_printf_percent$$00000017)
    __rt_lib_init                            0x0800020d   Thumb Code     0  libinit.o(.ARM.Collect$$libinit$$00000000)
    __rt_lib_init_fp_1                       0x0800020f   Thumb Code     0  libinit2.o(.ARM.Collect$$libinit$$00000001)
    __rt_lib_init_heap_1                     0x08000213   Thumb Code     0  libinit2.o(.ARM.Collect$$libinit$$0000000C)
    __rt_lib_init_lc_common                  0x08000213   Thumb Code     0  libinit2.o(.ARM.Collect$$libinit$$00000011)
    __rt_lib_init_preinit_1                  0x08000213   Thumb Code     0  libinit2.o(.ARM.Collect$$libinit$$00000006)
    __rt_lib_init_rand_1                     0x08000213   Thumb Code     0  libinit2.o(.ARM.Collect$$libinit$$00000010)
    __rt_lib_init_relocate_pie_1             0x08000213   Thumb Code     0  libinit2.o(.ARM.Collect$$libinit$$00000004)
    __rt_lib_init_user_alloc_1               0x08000213   Thumb Code     0  libinit2.o(.ARM.Collect$$libinit$$0000000E)
    __rt_lib_init_lc_collate_1               0x08000219   Thumb Code     0  libinit2.o(.ARM.Collect$$libinit$$00000013)
    __rt_lib_init_lc_ctype_1                 0x08000219   Thumb Code     0  libinit2.o(.ARM.Collect$$libinit$$00000015)
    __rt_lib_init_lc_monetary_1              0x08000219   Thumb Code     0  libinit2.o(.ARM.Collect$$libinit$$00000017)
    __rt_lib_init_lc_numeric_2               0x08000219   Thumb Code     0  libinit2.o(.ARM.Collect$$libinit$$00000018)
    __rt_lib_init_alloca_1                   0x08000223   Thumb Code     0  libinit2.o(.ARM.Collect$$libinit$$00000030)
    __rt_lib_init_argv_1                     0x08000223   Thumb Code     0  libinit2.o(.ARM.Collect$$libinit$$0000002E)
    __rt_lib_init_atexit_1                   0x08000223   Thumb Code     0  libinit2.o(.ARM.Collect$$libinit$$0000001D)
    __rt_lib_init_clock_1                    0x08000223   Thumb Code     0  libinit2.o(.ARM.Collect$$libinit$$00000023)
    __rt_lib_init_cpp_1                      0x08000223   Thumb Code     0  libinit2.o(.ARM.Collect$$libinit$$00000034)
    __rt_lib_init_exceptions_1               0x08000223   Thumb Code     0  libinit2.o(.ARM.Collect$$libinit$$00000032)
    __rt_lib_init_fp_trap_1                  0x08000223   Thumb Code     0  libinit2.o(.ARM.Collect$$libinit$$00000021)
    __rt_lib_init_getenv_1                   0x08000223   Thumb Code     0  libinit2.o(.ARM.Collect$$libinit$$00000025)
    __rt_lib_init_lc_numeric_1               0x08000223   Thumb Code     0  libinit2.o(.ARM.Collect$$libinit$$00000019)
    __rt_lib_init_lc_time_1                  0x08000223   Thumb Code     0  libinit2.o(.ARM.Collect$$libinit$$0000001B)
    __rt_lib_init_return                     0x08000223   Thumb Code     0  libinit2.o(.ARM.Collect$$libinit$$00000035)
    __rt_lib_init_signal_1                   0x08000223   Thumb Code     0  libinit2.o(.ARM.Collect$$libinit$$0000001F)
    __rt_lib_init_stdio_1                    0x08000223   Thumb Code     0  libinit2.o(.ARM.Collect$$libinit$$00000027)
    __rt_lib_shutdown                        0x08000225   Thumb Code     0  libshutdown.o(.ARM.Collect$$libshutdown$$00000000)
    __rt_lib_shutdown_cpp_1                  0x08000227   Thumb Code     0  libshutdown2.o(.ARM.Collect$$libshutdown$$00000002)
    __rt_lib_shutdown_fp_trap_1              0x08000227   Thumb Code     0  libshutdown2.o(.ARM.Collect$$libshutdown$$00000007)
    __rt_lib_shutdown_heap_1                 0x08000227   Thumb Code     0  libshutdown2.o(.ARM.Collect$$libshutdown$$0000000F)
    __rt_lib_shutdown_return                 0x08000227   Thumb Code     0  libshutdown2.o(.ARM.Collect$$libshutdown$$00000010)
    __rt_lib_shutdown_signal_1               0x08000227   Thumb Code     0  libshutdown2.o(.ARM.Collect$$libshutdown$$0000000A)
    __rt_lib_shutdown_stdio_1                0x08000227   Thumb Code     0  libshutdown2.o(.ARM.Collect$$libshutdown$$00000004)
    __rt_lib_shutdown_user_alloc_1           0x08000227   Thumb Code     0  libshutdown2.o(.ARM.Collect$$libshutdown$$0000000C)
    __rt_entry                               0x08000229   Thumb Code     0  __rtentry.o(.ARM.Collect$$rtentry$$00000000)
    __rt_entry_presh_1                       0x08000229   Thumb Code     0  __rtentry2.o(.ARM.Collect$$rtentry$$00000002)
    __rt_entry_sh                            0x08000229   Thumb Code     0  __rtentry4.o(.ARM.Collect$$rtentry$$00000004)
    __rt_entry_li                            0x0800022f   Thumb Code     0  __rtentry2.o(.ARM.Collect$$rtentry$$0000000A)
    __rt_entry_postsh_1                      0x0800022f   Thumb Code     0  __rtentry2.o(.ARM.Collect$$rtentry$$00000009)
    __rt_entry_main                          0x08000233   Thumb Code     0  __rtentry2.o(.ARM.Collect$$rtentry$$0000000D)
    __rt_entry_postli_1                      0x08000233   Thumb Code     0  __rtentry2.o(.ARM.Collect$$rtentry$$0000000C)
    __rt_exit                                0x0800023b   Thumb Code     0  rtexit.o(.ARM.Collect$$rtexit$$00000000)
    __rt_exit_ls                             0x0800023d   Thumb Code     0  rtexit2.o(.ARM.Collect$$rtexit$$00000003)
    __rt_exit_prels_1                        0x0800023d   Thumb Code     0  rtexit2.o(.ARM.Collect$$rtexit$$00000002)
    __rt_exit_exit                           0x08000241   Thumb Code     0  rtexit2.o(.ARM.Collect$$rtexit$$00000004)
    Reset_Handler                            0x08000249   Thumb Code     8  startup_stm32f407xx.o(.text)
    ADC_IRQHandler                           0x08000263   Thumb Code     0  startup_stm32f407xx.o(.text)
    CAN1_RX0_IRQHandler                      0x08000263   Thumb Code     0  startup_stm32f407xx.o(.text)
    CAN1_RX1_IRQHandler                      0x08000263   Thumb Code     0  startup_stm32f407xx.o(.text)
    CAN1_SCE_IRQHandler                      0x08000263   Thumb Code     0  startup_stm32f407xx.o(.text)
    CAN1_TX_IRQHandler                       0x08000263   Thumb Code     0  startup_stm32f407xx.o(.text)
    CAN2_RX0_IRQHandler                      0x08000263   Thumb Code     0  startup_stm32f407xx.o(.text)
    CAN2_RX1_IRQHandler                      0x08000263   Thumb Code     0  startup_stm32f407xx.o(.text)
    CAN2_SCE_IRQHandler                      0x08000263   Thumb Code     0  startup_stm32f407xx.o(.text)
    CAN2_TX_IRQHandler                       0x08000263   Thumb Code     0  startup_stm32f407xx.o(.text)
    DCMI_IRQHandler                          0x08000263   Thumb Code     0  startup_stm32f407xx.o(.text)
    DMA1_Stream0_IRQHandler                  0x08000263   Thumb Code     0  startup_stm32f407xx.o(.text)
    DMA1_Stream1_IRQHandler                  0x08000263   Thumb Code     0  startup_stm32f407xx.o(.text)
    DMA1_Stream2_IRQHandler                  0x08000263   Thumb Code     0  startup_stm32f407xx.o(.text)
    DMA1_Stream3_IRQHandler                  0x08000263   Thumb Code     0  startup_stm32f407xx.o(.text)
    DMA1_Stream4_IRQHandler                  0x08000263   Thumb Code     0  startup_stm32f407xx.o(.text)
    DMA1_Stream5_IRQHandler                  0x08000263   Thumb Code     0  startup_stm32f407xx.o(.text)
    DMA1_Stream6_IRQHandler                  0x08000263   Thumb Code     0  startup_stm32f407xx.o(.text)
    DMA1_Stream7_IRQHandler                  0x08000263   Thumb Code     0  startup_stm32f407xx.o(.text)
    DMA2_Stream0_IRQHandler                  0x08000263   Thumb Code     0  startup_stm32f407xx.o(.text)
    DMA2_Stream1_IRQHandler                  0x08000263   Thumb Code     0  startup_stm32f407xx.o(.text)
    DMA2_Stream2_IRQHandler                  0x08000263   Thumb Code     0  startup_stm32f407xx.o(.text)
    DMA2_Stream3_IRQHandler                  0x08000263   Thumb Code     0  startup_stm32f407xx.o(.text)
    DMA2_Stream4_IRQHandler                  0x08000263   Thumb Code     0  startup_stm32f407xx.o(.text)
    DMA2_Stream5_IRQHandler                  0x08000263   Thumb Code     0  startup_stm32f407xx.o(.text)
    DMA2_Stream6_IRQHandler                  0x08000263   Thumb Code     0  startup_stm32f407xx.o(.text)
    DMA2_Stream7_IRQHandler                  0x08000263   Thumb Code     0  startup_stm32f407xx.o(.text)
    ETH_IRQHandler                           0x08000263   Thumb Code     0  startup_stm32f407xx.o(.text)
    ETH_WKUP_IRQHandler                      0x08000263   Thumb Code     0  startup_stm32f407xx.o(.text)
    EXTI0_IRQHandler                         0x08000263   Thumb Code     0  startup_stm32f407xx.o(.text)
    EXTI15_10_IRQHandler                     0x08000263   Thumb Code     0  startup_stm32f407xx.o(.text)
    EXTI1_IRQHandler                         0x08000263   Thumb Code     0  startup_stm32f407xx.o(.text)
    EXTI2_IRQHandler                         0x08000263   Thumb Code     0  startup_stm32f407xx.o(.text)
    EXTI3_IRQHandler                         0x08000263   Thumb Code     0  startup_stm32f407xx.o(.text)
    EXTI4_IRQHandler                         0x08000263   Thumb Code     0  startup_stm32f407xx.o(.text)
    EXTI9_5_IRQHandler                       0x08000263   Thumb Code     0  startup_stm32f407xx.o(.text)
    FLASH_IRQHandler                         0x08000263   Thumb Code     0  startup_stm32f407xx.o(.text)
    FMC_IRQHandler                           0x08000263   Thumb Code     0  startup_stm32f407xx.o(.text)
    FPU_IRQHandler                           0x08000263   Thumb Code     0  startup_stm32f407xx.o(.text)
    HASH_RNG_IRQHandler                      0x08000263   Thumb Code     0  startup_stm32f407xx.o(.text)
    I2C1_ER_IRQHandler                       0x08000263   Thumb Code     0  startup_stm32f407xx.o(.text)
    I2C1_EV_IRQHandler                       0x08000263   Thumb Code     0  startup_stm32f407xx.o(.text)
    I2C2_ER_IRQHandler                       0x08000263   Thumb Code     0  startup_stm32f407xx.o(.text)
    I2C2_EV_IRQHandler                       0x08000263   Thumb Code     0  startup_stm32f407xx.o(.text)
    I2C3_ER_IRQHandler                       0x08000263   Thumb Code     0  startup_stm32f407xx.o(.text)
    I2C3_EV_IRQHandler                       0x08000263   Thumb Code     0  startup_stm32f407xx.o(.text)
    OTG_FS_IRQHandler                        0x08000263   Thumb Code     0  startup_stm32f407xx.o(.text)
    OTG_FS_WKUP_IRQHandler                   0x08000263   Thumb Code     0  startup_stm32f407xx.o(.text)
    OTG_HS_EP1_IN_IRQHandler                 0x08000263   Thumb Code     0  startup_stm32f407xx.o(.text)
    OTG_HS_EP1_OUT_IRQHandler                0x08000263   Thumb Code     0  startup_stm32f407xx.o(.text)
    OTG_HS_IRQHandler                        0x08000263   Thumb Code     0  startup_stm32f407xx.o(.text)
    OTG_HS_WKUP_IRQHandler                   0x08000263   Thumb Code     0  startup_stm32f407xx.o(.text)
    PVD_IRQHandler                           0x08000263   Thumb Code     0  startup_stm32f407xx.o(.text)
    RCC_IRQHandler                           0x08000263   Thumb Code     0  startup_stm32f407xx.o(.text)
    RTC_Alarm_IRQHandler                     0x08000263   Thumb Code     0  startup_stm32f407xx.o(.text)
    RTC_WKUP_IRQHandler                      0x08000263   Thumb Code     0  startup_stm32f407xx.o(.text)
    SDIO_IRQHandler                          0x08000263   Thumb Code     0  startup_stm32f407xx.o(.text)
    SPI1_IRQHandler                          0x08000263   Thumb Code     0  startup_stm32f407xx.o(.text)
    SPI2_IRQHandler                          0x08000263   Thumb Code     0  startup_stm32f407xx.o(.text)
    SPI3_IRQHandler                          0x08000263   Thumb Code     0  startup_stm32f407xx.o(.text)
    TAMP_STAMP_IRQHandler                    0x08000263   Thumb Code     0  startup_stm32f407xx.o(.text)
    TIM1_BRK_TIM9_IRQHandler                 0x08000263   Thumb Code     0  startup_stm32f407xx.o(.text)
    TIM1_CC_IRQHandler                       0x08000263   Thumb Code     0  startup_stm32f407xx.o(.text)
    TIM1_TRG_COM_TIM11_IRQHandler            0x08000263   Thumb Code     0  startup_stm32f407xx.o(.text)
    TIM1_UP_TIM10_IRQHandler                 0x08000263   Thumb Code     0  startup_stm32f407xx.o(.text)
    TIM2_IRQHandler                          0x08000263   Thumb Code     0  startup_stm32f407xx.o(.text)
    TIM3_IRQHandler                          0x08000263   Thumb Code     0  startup_stm32f407xx.o(.text)
    TIM4_IRQHandler                          0x08000263   Thumb Code     0  startup_stm32f407xx.o(.text)
    TIM5_IRQHandler                          0x08000263   Thumb Code     0  startup_stm32f407xx.o(.text)
    TIM6_DAC_IRQHandler                      0x08000263   Thumb Code     0  startup_stm32f407xx.o(.text)
    TIM7_IRQHandler                          0x08000263   Thumb Code     0  startup_stm32f407xx.o(.text)
    TIM8_BRK_TIM12_IRQHandler                0x08000263   Thumb Code     0  startup_stm32f407xx.o(.text)
    TIM8_CC_IRQHandler                       0x08000263   Thumb Code     0  startup_stm32f407xx.o(.text)
    TIM8_TRG_COM_TIM14_IRQHandler            0x08000263   Thumb Code     0  startup_stm32f407xx.o(.text)
    TIM8_UP_TIM13_IRQHandler                 0x08000263   Thumb Code     0  startup_stm32f407xx.o(.text)
    UART4_IRQHandler                         0x08000263   Thumb Code     0  startup_stm32f407xx.o(.text)
    UART5_IRQHandler                         0x08000263   Thumb Code     0  startup_stm32f407xx.o(.text)
    USART1_IRQHandler                        0x08000263   Thumb Code     0  startup_stm32f407xx.o(.text)
    USART2_IRQHandler                        0x08000263   Thumb Code     0  startup_stm32f407xx.o(.text)
    USART3_IRQHandler                        0x08000263   Thumb Code     0  startup_stm32f407xx.o(.text)
    USART6_IRQHandler                        0x08000263   Thumb Code     0  startup_stm32f407xx.o(.text)
    WWDG_IRQHandler                          0x08000263   Thumb Code     0  startup_stm32f407xx.o(.text)
    __user_initial_stackheap                 0x08000265   Thumb Code     0  startup_stm32f407xx.o(.text)
    __aeabi_uldivmod                         0x08000289   Thumb Code     0  lludivv7m.o(.text)
    _ll_udiv                                 0x08000289   Thumb Code   240  lludivv7m.o(.text)
    __2snprintf                              0x08000379   Thumb Code    58  noretval__2snprintf.o(.text)
    __printf                                 0x080003b9   Thumb Code   104  __printf.o(.text)
    _printf_int_dec                          0x08000421   Thumb Code   104  _printf_dec.o(.text)
    __aeabi_memcpy4                          0x08000499   Thumb Code     0  rt_memcpy_w.o(.text)
    __aeabi_memcpy8                          0x08000499   Thumb Code     0  rt_memcpy_w.o(.text)
    __rt_memcpy_w                            0x08000499   Thumb Code   100  rt_memcpy_w.o(.text)
    _memcpy_lastbytes_aligned                0x080004e1   Thumb Code     0  rt_memcpy_w.o(.text)
    __aeabi_memclr4                          0x080004fd   Thumb Code     0  rt_memclr_w.o(.text)
    __aeabi_memclr8                          0x080004fd   Thumb Code     0  rt_memclr_w.o(.text)
    __rt_memclr_w                            0x080004fd   Thumb Code     0  rt_memclr_w.o(.text)
    _memset_w                                0x08000501   Thumb Code    74  rt_memclr_w.o(.text)
    __use_two_region_memory                  0x0800054b   Thumb Code     2  heapauxi.o(.text)
    __rt_heap_escrow$2region                 0x0800054d   Thumb Code     2  heapauxi.o(.text)
    __rt_heap_expand$2region                 0x0800054f   Thumb Code     2  heapauxi.o(.text)
    __read_errno                             0x08000551   Thumb Code    10  _rserrno.o(.text)
    __set_errno                              0x0800055b   Thumb Code    12  _rserrno.o(.text)
    _printf_int_common                       0x08000567   Thumb Code   178  _printf_intcommon.o(.text)
    _printf_fp_dec_real                      0x080007c9   Thumb Code   620  _printf_fp_dec.o(.text)
    _printf_char_common                      0x08000a3f   Thumb Code    32  _printf_char_common.o(.text)
    _snputc                                  0x08000a65   Thumb Code    16  _snputc.o(.text)
    __rt_locale                              0x08000a75   Thumb Code     8  rt_locale_intlibspace.o(.text)
    __aeabi_errno_addr                       0x08000a7d   Thumb Code     8  rt_errno_addr_intlibspace.o(.text)
    __errno$intlibspace                      0x08000a7d   Thumb Code     0  rt_errno_addr_intlibspace.o(.text)
    __rt_errno_addr$intlibspace              0x08000a7d   Thumb Code     0  rt_errno_addr_intlibspace.o(.text)
    _ll_udiv10                               0x08000a85   Thumb Code   138  lludiv10.o(.text)
    _printf_fp_infnan                        0x08000b11   Thumb Code   112  _printf_fp_infnan.o(.text)
    _btod_etento                             0x08000b91   Thumb Code   224  bigflt0.o(.text)
    __user_libspace                          0x08000c75   Thumb Code     8  libspace.o(.text)
    __user_perproc_libspace                  0x08000c75   Thumb Code     0  libspace.o(.text)
    __user_perthread_libspace                0x08000c75   Thumb Code     0  libspace.o(.text)
    __user_setup_stackheap                   0x08000c7d   Thumb Code    74  sys_stackheap_outer.o(.text)
    exit                                     0x08000cc7   Thumb Code    18  exit.o(.text)
    strcmp                                   0x08000cd9   Thumb Code   124  strcmpv7em.o(.text)
    _sys_exit                                0x08000d55   Thumb Code     8  sys_exit.o(.text)
    __I$use$semihosting                      0x08000d61   Thumb Code     0  use_no_semi.o(.text)
    __use_no_semihosting_swi                 0x08000d61   Thumb Code     2  use_no_semi.o(.text)
    __semihosting_library_function           0x08000d63   Thumb Code     0  indicate_semi.o(.text)
    BusFault_Handler                         0x08000d65   Thumb Code     2  stm32f4xx_it.o(.text.BusFault_Handler)
    DS1307_GetHour                           0x08000d69   Thumb Code    78  ds1307_for_stm32_hal.o(.text.DS1307_GetHour)
    DS1307_GetMinute                         0x08000db9   Thumb Code    78  ds1307_for_stm32_hal.o(.text.DS1307_GetMinute)
    DS1307_GetSecond                         0x08000e09   Thumb Code    78  ds1307_for_stm32_hal.o(.text.DS1307_GetSecond)
    DS1307_Init                              0x08000e59   Thumb Code    88  ds1307_for_stm32_hal.o(.text.DS1307_Init)
    DebugMon_Handler                         0x08000eb1   Thumb Code     2  stm32f4xx_it.o(.text.DebugMon_Handler)
    HAL_Delay                                0x08000eb5   Thumb Code    40  stm32f4xx_hal.o(.text.HAL_Delay)
    HAL_GPIO_Init                            0x08000edd   Thumb Code   442  stm32f4xx_hal_gpio.o(.text.HAL_GPIO_Init)
    HAL_GPIO_WritePin                        0x08001099   Thumb Code    10  stm32f4xx_hal_gpio.o(.text.HAL_GPIO_WritePin)
    HAL_GetTick                              0x080010a5   Thumb Code    12  stm32f4xx_hal.o(.text.HAL_GetTick)
    HAL_I2C_Init                             0x080010b1   Thumb Code   374  stm32f4xx_hal_i2c.o(.text.HAL_I2C_Init)
    HAL_I2C_Master_Receive                   0x08001229   Thumb Code  1538  stm32f4xx_hal_i2c.o(.text.HAL_I2C_Master_Receive)
    HAL_I2C_Master_Transmit                  0x0800182d   Thumb Code  1144  stm32f4xx_hal_i2c.o(.text.HAL_I2C_Master_Transmit)
    HAL_I2C_MspInit                          0x08001ca5   Thumb Code   106  stm32f4xx_hal_msp.o(.text.HAL_I2C_MspInit)
    HAL_IncTick                              0x08001d11   Thumb Code    26  stm32f4xx_hal.o(.text.HAL_IncTick)
    HAL_Init                                 0x08001d2d   Thumb Code    54  stm32f4xx_hal.o(.text.HAL_Init)
    HAL_InitTick                             0x08001d65   Thumb Code    72  stm32f4xx_hal.o(.text.HAL_InitTick)
    HAL_MspInit                              0x08001dad   Thumb Code    56  stm32f4xx_hal_msp.o(.text.HAL_MspInit)
    HAL_NVIC_SetPriority                     0x08001de5   Thumb Code    86  stm32f4xx_hal_cortex.o(.text.HAL_NVIC_SetPriority)
    HAL_NVIC_SetPriorityGrouping             0x08001e3d   Thumb Code    32  stm32f4xx_hal_cortex.o(.text.HAL_NVIC_SetPriorityGrouping)
    HAL_RCC_ClockConfig                      0x08001e5d   Thumb Code   352  stm32f4xx_hal_rcc.o(.text.HAL_RCC_ClockConfig)
    HAL_RCC_GetPCLK1Freq                     0x08001fbd   Thumb Code    38  stm32f4xx_hal_rcc.o(.text.HAL_RCC_GetPCLK1Freq)
    HAL_RCC_GetSysClockFreq                  0x08001fe5   Thumb Code   106  stm32f4xx_hal_rcc.o(.text.HAL_RCC_GetSysClockFreq)
    HAL_RCC_OscConfig                        0x08002051   Thumb Code   888  stm32f4xx_hal_rcc.o(.text.HAL_RCC_OscConfig)
    HAL_SYSTICK_Config                       0x080023c9   Thumb Code    44  stm32f4xx_hal_cortex.o(.text.HAL_SYSTICK_Config)
    HardFault_Handler                        0x080023f5   Thumb Code     2  stm32f4xx_it.o(.text.HardFault_Handler)
    MPU6050_Config                           0x080023f9   Thumb Code   296  tj_mpu6050.o(.text.MPU6050_Config)
    MPU6050_Get_Accel_RawData                0x08002521   Thumb Code   224  tj_mpu6050.o(.text.MPU6050_Get_Accel_RawData)
    MPU6050_Get_Accel_Scale                  0x08002601   Thumb Code    88  tj_mpu6050.o(.text.MPU6050_Get_Accel_Scale)
    MPU6050_Init                             0x08002659   Thumb Code    22  tj_mpu6050.o(.text.MPU6050_Init)
    MemManage_Handler                        0x08002671   Thumb Code     2  stm32f4xx_it.o(.text.MemManage_Handler)
    NMI_Handler                              0x08002675   Thumb Code     2  stm32f4xx_it.o(.text.NMI_Handler)
    PendSV_Handler                           0x08002679   Thumb Code     2  stm32f4xx_it.o(.text.PendSV_Handler)
    SVC_Handler                              0x0800267d   Thumb Code     2  stm32f4xx_it.o(.text.SVC_Handler)
    SysTick_Handler                          0x08002681   Thumb Code     4  stm32f4xx_it.o(.text.SysTick_Handler)
    SystemInit                               0x08002685   Thumb Code    18  system_stm32f4xx.o(.text.SystemInit)
    UsageFault_Handler                       0x08002699   Thumb Code     2  stm32f4xx_it.o(.text.UsageFault_Handler)
    lcd_clear                                0x0800269d   Thumb Code    84  i2c-lcd.o(.text.lcd_clear)
    lcd_init                                 0x080026f1   Thumb Code   278  i2c-lcd.o(.text.lcd_init)
    lcd_send_cmd                             0x08002809   Thumb Code    68  i2c-lcd.o(.text.lcd_send_cmd)
    lcd_send_string                          0x0800284d   Thumb Code    86  i2c-lcd.o(.text.lcd_send_string)
    main                                     0x080028a9   Thumb Code  1112  main.o(.text.main)
    _btod_d2e                                0x08002d01   Thumb Code    62  btod.o(CL$$btod_d2e)
    _d2e_denorm_low                          0x08002d3f   Thumb Code    70  btod.o(CL$$btod_d2e_denorm_low)
    _d2e_norm_op1                            0x08002d85   Thumb Code    96  btod.o(CL$$btod_d2e_norm_op1)
    __btod_div_common                        0x08002de5   Thumb Code   696  btod.o(CL$$btod_div_common)
    _e2e                                     0x0800311d   Thumb Code   220  btod.o(CL$$btod_e2e)
    _btod_ediv                               0x080031f9   Thumb Code    42  btod.o(CL$$btod_ediv)
    _btod_emul                               0x08003223   Thumb Code    42  btod.o(CL$$btod_emul)
    __btod_mult_common                       0x0800324d   Thumb Code   580  btod.o(CL$$btod_mult_common)
    __ARM_fpclassify                         0x08003491   Thumb Code    48  fpclassify.o(i.__ARM_fpclassify)
    __hardfp_atan                            0x080034c1   Thumb Code   622  atan.o(i.__hardfp_atan)
    __hardfp_atan2                           0x08003799   Thumb Code   448  atan2.o(i.__hardfp_atan2)
    __kernel_poly                            0x08003999   Thumb Code   248  poly.o(i.__kernel_poly)
    __mathlib_dbl_infnan                     0x08003a91   Thumb Code    20  dunder.o(i.__mathlib_dbl_infnan)
    __mathlib_dbl_infnan2                    0x08003aa5   Thumb Code    20  dunder.o(i.__mathlib_dbl_infnan2)
    __mathlib_dbl_underflow                  0x08003ab9   Thumb Code    24  dunder.o(i.__mathlib_dbl_underflow)
    atan                                     0x08003ad9   Thumb Code    16  atan.o(i.atan)
    fabs                                     0x08003ae9   Thumb Code    24  fabs.o(i.fabs)
    _get_lc_numeric                          0x08003b01   Thumb Code    44  lc_numeric_c.o(locale$$code)
    __aeabi_dneg                             0x08003b2d   Thumb Code     0  basic.o(x$fpl$basic)
    _dneg                                    0x08003b2d   Thumb Code     6  basic.o(x$fpl$basic)
    __aeabi_fneg                             0x08003b33   Thumb Code     0  basic.o(x$fpl$basic)
    _fneg                                    0x08003b33   Thumb Code     6  basic.o(x$fpl$basic)
    _dabs                                    0x08003b39   Thumb Code     6  basic.o(x$fpl$basic)
    _fabs                                    0x08003b3f   Thumb Code     6  basic.o(x$fpl$basic)
    __aeabi_d2f                              0x08003b45   Thumb Code     0  d2f.o(x$fpl$d2f)
    _d2f                                     0x08003b45   Thumb Code    98  d2f.o(x$fpl$d2f)
    __aeabi_dadd                             0x08003ba9   Thumb Code     0  daddsub_clz.o(x$fpl$dadd)
    _dadd                                    0x08003ba9   Thumb Code   332  daddsub_clz.o(x$fpl$dadd)
    __fpl_dcmp_Inf                           0x08003cf9   Thumb Code    24  dcmpi.o(x$fpl$dcmpinf)
    __aeabi_ddiv                             0x08003d11   Thumb Code     0  ddiv.o(x$fpl$ddiv)
    _ddiv                                    0x08003d11   Thumb Code   556  ddiv.o(x$fpl$ddiv)
    __aeabi_cdcmpeq                          0x08003fc5   Thumb Code     0  deqf.o(x$fpl$deqf)
    _dcmpeq                                  0x08003fc5   Thumb Code   120  deqf.o(x$fpl$deqf)
    __aeabi_dmul                             0x0800403d   Thumb Code     0  dmul.o(x$fpl$dmul)
    _dmul                                    0x0800403d   Thumb Code   332  dmul.o(x$fpl$dmul)
    __fpl_dnaninf                            0x08004191   Thumb Code   156  dnaninf.o(x$fpl$dnaninf)
    __fpl_dretinf                            0x0800422d   Thumb Code    12  dretinf.o(x$fpl$dretinf)
    __aeabi_drsub                            0x08004239   Thumb Code     0  daddsub_clz.o(x$fpl$drsb)
    _drsb                                    0x08004239   Thumb Code    22  daddsub_clz.o(x$fpl$drsb)
    __aeabi_dsub                             0x08004251   Thumb Code     0  daddsub_clz.o(x$fpl$dsub)
    _dsub                                    0x08004251   Thumb Code   472  daddsub_clz.o(x$fpl$dsub)
    __aeabi_f2d                              0x0800442d   Thumb Code     0  f2d.o(x$fpl$f2d)
    _f2d                                     0x0800442d   Thumb Code    86  f2d.o(x$fpl$f2d)
    __fpl_fnaninf                            0x08004483   Thumb Code   140  fnaninf.o(x$fpl$fnaninf)
    _fp_init                                 0x0800450f   Thumb Code    26  fpinit.o(x$fpl$fpinit)
    __fplib_config_fpu_vfp                   0x08004527   Thumb Code     0  fpinit.o(x$fpl$fpinit)
    __fplib_config_pureend_doubles           0x08004527   Thumb Code     0  fpinit.o(x$fpl$fpinit)
    __fpl_fretinf                            0x08004529   Thumb Code    10  fretinf.o(x$fpl$fretinf)
    _printf_fp_dec                           0x08004533   Thumb Code     4  printf1.o(x$fpl$printf1)
    __I$use$fp                               0x08004536   Number         0  usenofp.o(x$fpl$usenofp)
    __mathlib_zero                           0x080045d0   Data           8  qnan.o(.constdata)
    AHBPrescTable                            0x0800466c   Data          16  system_stm32f4xx.o(.rodata.AHBPrescTable)
    APBPrescTable                            0x0800467c   Data           8  system_stm32f4xx.o(.rodata.APBPrescTable)
    Region$$Table$$Base                      0x080046b0   Number         0  anon$$obj.o(Region$$Table)
    Region$$Table$$Limit                     0x080046d0   Number         0  anon$$obj.o(Region$$Table)
    uwTickFreq                               0x20000000   Data           1  stm32f4xx_hal.o(.data..L_MergedGlobals)
    uwTickPrio                               0x20000004   Data           4  stm32f4xx_hal.o(.data..L_MergedGlobals)
    SystemCoreClock                          0x20000008   Data           4  system_stm32f4xx.o(.data.SystemCoreClock)
    __libspace_start                         0x20000010   Data          96  libspace.o(.bss)
    __temporary_stack_top$libspace           0x20000070   Data           0  libspace.o(.bss)
    jam                                      0x200000e0   Data           1  main.o(.bss..L_MergedGlobals)
    menit                                    0x200000e1   Data           1  main.o(.bss..L_MergedGlobals)
    detik                                    0x200000e2   Data           1  main.o(.bss..L_MergedGlobals)
    prev_time                                0x200000e4   Data           4  main.o(.bss..L_MergedGlobals)
    roll                                     0x200000e8   Data           4  main.o(.bss..L_MergedGlobals)
    setpoint_sudut                           0x200000ec   Data           4  main.o(.bss..L_MergedGlobals)
    delta_sudut                              0x200000f0   Data           4  main.o(.bss..L_MergedGlobals)
    myScaledAccel                            0x200000f4   Data          12  main.o(.bss..L_MergedGlobals)
    buffer                                   0x20000100   Data          50  main.o(.bss..L_MergedGlobals)
    _ds1307_ui2c                             0x20000134   Data           4  ds1307_for_stm32_hal.o(.bss._ds1307_ui2c)
    hi2c1                                    0x20000138   Data          84  main.o(.bss.hi2c1)
    uwTick                                   0x2000018c   Data           4  stm32f4xx_hal.o(.bss.uwTick)



==============================================================================

Memory Map of the image

  Image Entry point : 0x08000189

  Load Region LR_IROM1 (Base: 0x08000000, Size: 0x00004700, Max: 0x00100000, ABSOLUTE)

    Execution Region ER_IROM1 (Exec base: 0x08000000, Load base: 0x08000000, Size: 0x000046ec, Max: 0x00100000, ABSOLUTE)

    Exec Addr    Load Addr    Size         Type   Attr      Idx    E Section Name        Object

    0x08000000   0x08000000   0x00000188   Data   RO            3    RESET               startup_stm32f407xx.o
    0x08000188   0x08000188   0x00000008   Code   RO          764  * !!!main             c_w.l(__main.o)
    0x08000190   0x08000190   0x00000034   Code   RO         1077    !!!scatter          c_w.l(__scatter.o)
    0x080001c4   0x080001c4   0x0000001a   Code   RO         1079    !!handler_copy      c_w.l(__scatter_copy.o)
    0x080001de   0x080001de   0x00000002   PAD
    0x080001e0   0x080001e0   0x0000001c   Code   RO         1081    !!handler_zi        c_w.l(__scatter_zi.o)
    0x080001fc   0x080001fc   0x00000000   Code   RO          757    .ARM.Collect$$_printf_percent$$00000000  c_w.l(_printf_percent.o)
    0x080001fc   0x080001fc   0x00000006   Code   RO          756    .ARM.Collect$$_printf_percent$$00000003  c_w.l(_printf_f.o)
    0x08000202   0x08000202   0x00000006   Code   RO          755    .ARM.Collect$$_printf_percent$$00000009  c_w.l(_printf_d.o)
    0x08000208   0x08000208   0x00000004   Code   RO          801    .ARM.Collect$$_printf_percent$$00000017  c_w.l(_printf_percent_end.o)
    0x0800020c   0x0800020c   0x00000002   Code   RO          940    .ARM.Collect$$libinit$$00000000  c_w.l(libinit.o)
    0x0800020e   0x0800020e   0x00000004   Code   RO          941    .ARM.Collect$$libinit$$00000001  c_w.l(libinit2.o)
    0x08000212   0x08000212   0x00000000   Code   RO          944    .ARM.Collect$$libinit$$00000004  c_w.l(libinit2.o)
    0x08000212   0x08000212   0x00000000   Code   RO          946    .ARM.Collect$$libinit$$00000006  c_w.l(libinit2.o)
    0x08000212   0x08000212   0x00000000   Code   RO          949    .ARM.Collect$$libinit$$0000000C  c_w.l(libinit2.o)
    0x08000212   0x08000212   0x00000000   Code   RO          951    .ARM.Collect$$libinit$$0000000E  c_w.l(libinit2.o)
    0x08000212   0x08000212   0x00000000   Code   RO          953    .ARM.Collect$$libinit$$00000010  c_w.l(libinit2.o)
    0x08000212   0x08000212   0x00000006   Code   RO          954    .ARM.Collect$$libinit$$00000011  c_w.l(libinit2.o)
    0x08000218   0x08000218   0x00000000   Code   RO          956    .ARM.Collect$$libinit$$00000013  c_w.l(libinit2.o)
    0x08000218   0x08000218   0x00000000   Code   RO          958    .ARM.Collect$$libinit$$00000015  c_w.l(libinit2.o)
    0x08000218   0x08000218   0x00000000   Code   RO          960    .ARM.Collect$$libinit$$00000017  c_w.l(libinit2.o)
    0x08000218   0x08000218   0x0000000a   Code   RO          961    .ARM.Collect$$libinit$$00000018  c_w.l(libinit2.o)
    0x08000222   0x08000222   0x00000000   Code   RO          962    .ARM.Collect$$libinit$$00000019  c_w.l(libinit2.o)
    0x08000222   0x08000222   0x00000000   Code   RO          964    .ARM.Collect$$libinit$$0000001B  c_w.l(libinit2.o)
    0x08000222   0x08000222   0x00000000   Code   RO          966    .ARM.Collect$$libinit$$0000001D  c_w.l(libinit2.o)
    0x08000222   0x08000222   0x00000000   Code   RO          968    .ARM.Collect$$libinit$$0000001F  c_w.l(libinit2.o)
    0x08000222   0x08000222   0x00000000   Code   RO          970    .ARM.Collect$$libinit$$00000021  c_w.l(libinit2.o)
    0x08000222   0x08000222   0x00000000   Code   RO          972    .ARM.Collect$$libinit$$00000023  c_w.l(libinit2.o)
    0x08000222   0x08000222   0x00000000   Code   RO          974    .ARM.Collect$$libinit$$00000025  c_w.l(libinit2.o)
    0x08000222   0x08000222   0x00000000   Code   RO          976    .ARM.Collect$$libinit$$00000027  c_w.l(libinit2.o)
    0x08000222   0x08000222   0x00000000   Code   RO          980    .ARM.Collect$$libinit$$0000002E  c_w.l(libinit2.o)
    0x08000222   0x08000222   0x00000000   Code   RO          982    .ARM.Collect$$libinit$$00000030  c_w.l(libinit2.o)
    0x08000222   0x08000222   0x00000000   Code   RO          984    .ARM.Collect$$libinit$$00000032  c_w.l(libinit2.o)
    0x08000222   0x08000222   0x00000000   Code   RO          986    .ARM.Collect$$libinit$$00000034  c_w.l(libinit2.o)
    0x08000222   0x08000222   0x00000002   Code   RO          987    .ARM.Collect$$libinit$$00000035  c_w.l(libinit2.o)
    0x08000224   0x08000224   0x00000002   Code   RO         1042    .ARM.Collect$$libshutdown$$00000000  c_w.l(libshutdown.o)
    0x08000226   0x08000226   0x00000000   Code   RO         1060    .ARM.Collect$$libshutdown$$00000002  c_w.l(libshutdown2.o)
    0x08000226   0x08000226   0x00000000   Code   RO         1062    .ARM.Collect$$libshutdown$$00000004  c_w.l(libshutdown2.o)
    0x08000226   0x08000226   0x00000000   Code   RO         1065    .ARM.Collect$$libshutdown$$00000007  c_w.l(libshutdown2.o)
    0x08000226   0x08000226   0x00000000   Code   RO         1068    .ARM.Collect$$libshutdown$$0000000A  c_w.l(libshutdown2.o)
    0x08000226   0x08000226   0x00000000   Code   RO         1070    .ARM.Collect$$libshutdown$$0000000C  c_w.l(libshutdown2.o)
    0x08000226   0x08000226   0x00000000   Code   RO         1073    .ARM.Collect$$libshutdown$$0000000F  c_w.l(libshutdown2.o)
    0x08000226   0x08000226   0x00000002   Code   RO         1074    .ARM.Collect$$libshutdown$$00000010  c_w.l(libshutdown2.o)
    0x08000228   0x08000228   0x00000000   Code   RO          784    .ARM.Collect$$rtentry$$00000000  c_w.l(__rtentry.o)
    0x08000228   0x08000228   0x00000000   Code   RO          850    .ARM.Collect$$rtentry$$00000002  c_w.l(__rtentry2.o)
    0x08000228   0x08000228   0x00000006   Code   RO          862    .ARM.Collect$$rtentry$$00000004  c_w.l(__rtentry4.o)
    0x0800022e   0x0800022e   0x00000000   Code   RO          852    .ARM.Collect$$rtentry$$00000009  c_w.l(__rtentry2.o)
    0x0800022e   0x0800022e   0x00000004   Code   RO          853    .ARM.Collect$$rtentry$$0000000A  c_w.l(__rtentry2.o)
    0x08000232   0x08000232   0x00000000   Code   RO          855    .ARM.Collect$$rtentry$$0000000C  c_w.l(__rtentry2.o)
    0x08000232   0x08000232   0x00000008   Code   RO          856    .ARM.Collect$$rtentry$$0000000D  c_w.l(__rtentry2.o)
    0x0800023a   0x0800023a   0x00000002   Code   RO          988    .ARM.Collect$$rtexit$$00000000  c_w.l(rtexit.o)
    0x0800023c   0x0800023c   0x00000000   Code   RO         1007    .ARM.Collect$$rtexit$$00000002  c_w.l(rtexit2.o)
    0x0800023c   0x0800023c   0x00000004   Code   RO         1008    .ARM.Collect$$rtexit$$00000003  c_w.l(rtexit2.o)
    0x08000240   0x08000240   0x00000006   Code   RO         1009    .ARM.Collect$$rtexit$$00000004  c_w.l(rtexit2.o)
    0x08000246   0x08000246   0x00000002   PAD
    0x08000248   0x08000248   0x00000040   Code   RO            4    .text               startup_stm32f407xx.o
    0x08000288   0x08000288   0x000000f0   Code   RO          725    .text               c_w.l(lludivv7m.o)
    0x08000378   0x08000378   0x00000040   Code   RO          729    .text               c_w.l(noretval__2snprintf.o)
    0x080003b8   0x080003b8   0x00000068   Code   RO          731    .text               c_w.l(__printf.o)
    0x08000420   0x08000420   0x00000078   Code   RO          733    .text               c_w.l(_printf_dec.o)
    0x08000498   0x08000498   0x00000064   Code   RO          758    .text               c_w.l(rt_memcpy_w.o)
    0x080004fc   0x080004fc   0x0000004e   Code   RO          760    .text               c_w.l(rt_memclr_w.o)
    0x0800054a   0x0800054a   0x00000006   Code   RO          762    .text               c_w.l(heapauxi.o)
    0x08000550   0x08000550   0x00000016   Code   RO          789    .text               c_w.l(_rserrno.o)
    0x08000566   0x08000566   0x000000b2   Code   RO          791    .text               c_w.l(_printf_intcommon.o)
    0x08000618   0x08000618   0x0000041c   Code   RO          793    .text               c_w.l(_printf_fp_dec.o)
    0x08000a34   0x08000a34   0x00000030   Code   RO          797    .text               c_w.l(_printf_char_common.o)
    0x08000a64   0x08000a64   0x00000010   Code   RO          799    .text               c_w.l(_snputc.o)
    0x08000a74   0x08000a74   0x00000008   Code   RO          869    .text               c_w.l(rt_locale_intlibspace.o)
    0x08000a7c   0x08000a7c   0x00000008   Code   RO          874    .text               c_w.l(rt_errno_addr_intlibspace.o)
    0x08000a84   0x08000a84   0x0000008a   Code   RO          876    .text               c_w.l(lludiv10.o)
    0x08000b0e   0x08000b0e   0x00000002   PAD
    0x08000b10   0x08000b10   0x00000080   Code   RO          878    .text               c_w.l(_printf_fp_infnan.o)
    0x08000b90   0x08000b90   0x000000e4   Code   RO          882    .text               c_w.l(bigflt0.o)
    0x08000c74   0x08000c74   0x00000008   Code   RO          920    .text               c_w.l(libspace.o)
    0x08000c7c   0x08000c7c   0x0000004a   Code   RO          923    .text               c_w.l(sys_stackheap_outer.o)
    0x08000cc6   0x08000cc6   0x00000012   Code   RO          927    .text               c_w.l(exit.o)
    0x08000cd8   0x08000cd8   0x0000007c   Code   RO          933    .text               c_w.l(strcmpv7em.o)
    0x08000d54   0x08000d54   0x0000000c   Code   RO         1002    .text               c_w.l(sys_exit.o)
    0x08000d60   0x08000d60   0x00000002   Code   RO         1029    .text               c_w.l(use_no_semi.o)
    0x08000d62   0x08000d62   0x00000000   Code   RO         1031    .text               c_w.l(indicate_semi.o)
    0x08000d62   0x08000d62   0x00000002   PAD
    0x08000d64   0x08000d64   0x00000002   Code   RO           81    .text.BusFault_Handler  stm32f4xx_it.o
    0x08000d66   0x08000d66   0x00000002   PAD
    0x08000d68   0x08000d68   0x0000004e   Code   RO          156    .text.DS1307_GetHour  ds1307_for_stm32_hal.o
    0x08000db6   0x08000db6   0x00000002   PAD
    0x08000db8   0x08000db8   0x0000004e   Code   RO          158    .text.DS1307_GetMinute  ds1307_for_stm32_hal.o
    0x08000e06   0x08000e06   0x00000002   PAD
    0x08000e08   0x08000e08   0x0000004e   Code   RO          160    .text.DS1307_GetSecond  ds1307_for_stm32_hal.o
    0x08000e56   0x08000e56   0x00000002   PAD
    0x08000e58   0x08000e58   0x00000058   Code   RO          132    .text.DS1307_Init   ds1307_for_stm32_hal.o
    0x08000eb0   0x08000eb0   0x00000002   Code   RO           87    .text.DebugMon_Handler  stm32f4xx_it.o
    0x08000eb2   0x08000eb2   0x00000002   PAD
    0x08000eb4   0x08000eb4   0x00000028   Code   RO          637    .text.HAL_Delay     stm32f4xx_hal.o
    0x08000edc   0x08000edc   0x000001ba   Code   RO          438    .text.HAL_GPIO_Init  stm32f4xx_hal_gpio.o
    0x08001096   0x08001096   0x00000002   PAD
    0x08001098   0x08001098   0x0000000a   Code   RO          444    .text.HAL_GPIO_WritePin  stm32f4xx_hal_gpio.o
    0x080010a2   0x080010a2   0x00000002   PAD
    0x080010a4   0x080010a4   0x0000000c   Code   RO          629    .text.HAL_GetTick   stm32f4xx_hal.o
    0x080010b0   0x080010b0   0x00000176   Code   RO          193    .text.HAL_I2C_Init  stm32f4xx_hal_i2c.o
    0x08001226   0x08001226   0x00000002   PAD
    0x08001228   0x08001228   0x00000602   Code   RO          207    .text.HAL_I2C_Master_Receive  stm32f4xx_hal_i2c.o
    0x0800182a   0x0800182a   0x00000002   PAD
    0x0800182c   0x0800182c   0x00000478   Code   RO          201    .text.HAL_I2C_Master_Transmit  stm32f4xx_hal_i2c.o
    0x08001ca4   0x08001ca4   0x0000006a   Code   RO          102    .text.HAL_I2C_MspInit  stm32f4xx_hal_msp.o
    0x08001d0e   0x08001d0e   0x00000002   PAD
    0x08001d10   0x08001d10   0x0000001a   Code   RO          627    .text.HAL_IncTick   stm32f4xx_hal.o
    0x08001d2a   0x08001d2a   0x00000002   PAD
    0x08001d2c   0x08001d2c   0x00000036   Code   RO          617    .text.HAL_Init      stm32f4xx_hal.o
    0x08001d62   0x08001d62   0x00000002   PAD
    0x08001d64   0x08001d64   0x00000048   Code   RO          619    .text.HAL_InitTick  stm32f4xx_hal.o
    0x08001dac   0x08001dac   0x00000038   Code   RO          100    .text.HAL_MspInit   stm32f4xx_hal_msp.o
    0x08001de4   0x08001de4   0x00000056   Code   RO          573    .text.HAL_NVIC_SetPriority  stm32f4xx_hal_cortex.o
    0x08001e3a   0x08001e3a   0x00000002   PAD
    0x08001e3c   0x08001e3c   0x00000020   Code   RO          571    .text.HAL_NVIC_SetPriorityGrouping  stm32f4xx_hal_cortex.o
    0x08001e5c   0x08001e5c   0x00000160   Code   RO          332    .text.HAL_RCC_ClockConfig  stm32f4xx_hal_rcc.o
    0x08001fbc   0x08001fbc   0x00000026   Code   RO          344    .text.HAL_RCC_GetPCLK1Freq  stm32f4xx_hal_rcc.o
    0x08001fe2   0x08001fe2   0x00000002   PAD
    0x08001fe4   0x08001fe4   0x0000006a   Code   RO          334    .text.HAL_RCC_GetSysClockFreq  stm32f4xx_hal_rcc.o
    0x0800204e   0x0800204e   0x00000002   PAD
    0x08002050   0x08002050   0x00000378   Code   RO          330    .text.HAL_RCC_OscConfig  stm32f4xx_hal_rcc.o
    0x080023c8   0x080023c8   0x0000002c   Code   RO          583    .text.HAL_SYSTICK_Config  stm32f4xx_hal_cortex.o
    0x080023f4   0x080023f4   0x00000002   Code   RO           77    .text.HardFault_Handler  stm32f4xx_it.o
    0x080023f6   0x080023f6   0x00000002   PAD
    0x080023f8   0x080023f8   0x00000128   Code   RO           17    .text.MPU6050_Config  tj_mpu6050.o
    0x08002520   0x08002520   0x000000e0   Code   RO           27    .text.MPU6050_Get_Accel_RawData  tj_mpu6050.o
    0x08002600   0x08002600   0x00000058   Code   RO           29    .text.MPU6050_Get_Accel_Scale  tj_mpu6050.o
    0x08002658   0x08002658   0x00000016   Code   RO           11    .text.MPU6050_Init  tj_mpu6050.o
    0x0800266e   0x0800266e   0x00000002   PAD
    0x08002670   0x08002670   0x00000002   Code   RO           79    .text.MemManage_Handler  stm32f4xx_it.o
    0x08002672   0x08002672   0x00000002   PAD
    0x08002674   0x08002674   0x00000002   Code   RO           75    .text.NMI_Handler   stm32f4xx_it.o
    0x08002676   0x08002676   0x00000002   PAD
    0x08002678   0x08002678   0x00000002   Code   RO           89    .text.PendSV_Handler  stm32f4xx_it.o
    0x0800267a   0x0800267a   0x00000002   PAD
    0x0800267c   0x0800267c   0x00000002   Code   RO           85    .text.SVC_Handler   stm32f4xx_it.o
    0x0800267e   0x0800267e   0x00000002   PAD
    0x08002680   0x08002680   0x00000004   Code   RO           91    .text.SysTick_Handler  stm32f4xx_it.o
    0x08002684   0x08002684   0x00000012   Code   RO          709    .text.SystemInit    system_stm32f4xx.o
    0x08002696   0x08002696   0x00000002   PAD
    0x08002698   0x08002698   0x00000002   Code   RO           83    .text.UsageFault_Handler  stm32f4xx_it.o
    0x0800269a   0x0800269a   0x00000002   PAD
    0x0800269c   0x0800269c   0x00000054   Code   RO          118    .text.lcd_clear     i2c-lcd.o
    0x080026f0   0x080026f0   0x00000116   Code   RO          120    .text.lcd_init      i2c-lcd.o
    0x08002806   0x08002806   0x00000002   PAD
    0x08002808   0x08002808   0x00000044   Code   RO          114    .text.lcd_send_cmd  i2c-lcd.o
    0x0800284c   0x0800284c   0x00000056   Code   RO          122    .text.lcd_send_string  i2c-lcd.o
    0x080028a2   0x080028a2   0x00000006   PAD
    0x080028a8   0x080028a8   0x00000458   Code   RO           48    .text.main          main.o
    0x08002d00   0x08002d00   0x0000003e   Code   RO          885    CL$$btod_d2e        c_w.l(btod.o)
    0x08002d3e   0x08002d3e   0x00000046   Code   RO          887    CL$$btod_d2e_denorm_low  c_w.l(btod.o)
    0x08002d84   0x08002d84   0x00000060   Code   RO          886    CL$$btod_d2e_norm_op1  c_w.l(btod.o)
    0x08002de4   0x08002de4   0x00000338   Code   RO          895    CL$$btod_div_common  c_w.l(btod.o)
    0x0800311c   0x0800311c   0x000000dc   Code   RO          892    CL$$btod_e2e        c_w.l(btod.o)
    0x080031f8   0x080031f8   0x0000002a   Code   RO          889    CL$$btod_ediv       c_w.l(btod.o)
    0x08003222   0x08003222   0x0000002a   Code   RO          888    CL$$btod_emul       c_w.l(btod.o)
    0x0800324c   0x0800324c   0x00000244   Code   RO          894    CL$$btod_mult_common  c_w.l(btod.o)
    0x08003490   0x08003490   0x00000030   Code   RO          916    i.__ARM_fpclassify  m_wm.l(fpclassify.o)
    0x080034c0   0x080034c0   0x000002d8   Code   RO          821    i.__hardfp_atan     m_wm.l(atan.o)
    0x08003798   0x08003798   0x00000200   Code   RO          778    i.__hardfp_atan2    m_wm.l(atan2.o)
    0x08003998   0x08003998   0x000000f8   Code   RO          918    i.__kernel_poly     m_wm.l(poly.o)
    0x08003a90   0x08003a90   0x00000014   Code   RO          829    i.__mathlib_dbl_infnan  m_wm.l(dunder.o)
    0x08003aa4   0x08003aa4   0x00000014   Code   RO          830    i.__mathlib_dbl_infnan2  m_wm.l(dunder.o)
    0x08003ab8   0x08003ab8   0x00000020   Code   RO          834    i.__mathlib_dbl_underflow  m_wm.l(dunder.o)
    0x08003ad8   0x08003ad8   0x00000010   Code   RO          823    i.atan              m_wm.l(atan.o)
    0x08003ae8   0x08003ae8   0x00000018   Code   RO          844    i.fabs              m_wm.l(fabs.o)
    0x08003b00   0x08003b00   0x0000002c   Code   RO          910    locale$$code        c_w.l(lc_numeric_c.o)
    0x08003b2c   0x08003b2c   0x00000018   Code   RO          802    x$fpl$basic         fz_wm.l(basic.o)
    0x08003b44   0x08003b44   0x00000062   Code   RO          766    x$fpl$d2f           fz_wm.l(d2f.o)
    0x08003ba6   0x08003ba6   0x00000002   PAD
    0x08003ba8   0x08003ba8   0x00000150   Code   RO          804    x$fpl$dadd          fz_wm.l(daddsub_clz.o)
    0x08003cf8   0x08003cf8   0x00000018   Code   RO          912    x$fpl$dcmpinf       fz_wm.l(dcmpi.o)
    0x08003d10   0x08003d10   0x000002b4   Code   RO          769    x$fpl$ddiv          fz_wm.l(ddiv.o)
    0x08003fc4   0x08003fc4   0x00000078   Code   RO          810    x$fpl$deqf          fz_wm.l(deqf.o)
    0x0800403c   0x0800403c   0x00000154   Code   RO          772    x$fpl$dmul          fz_wm.l(dmul.o)
    0x08004190   0x08004190   0x0000009c   Code   RO          812    x$fpl$dnaninf       fz_wm.l(dnaninf.o)
    0x0800422c   0x0800422c   0x0000000c   Code   RO          814    x$fpl$dretinf       fz_wm.l(dretinf.o)
    0x08004238   0x08004238   0x00000016   Code   RO          805    x$fpl$drsb          fz_wm.l(daddsub_clz.o)
    0x0800424e   0x0800424e   0x00000002   PAD
    0x08004250   0x08004250   0x000001dc   Code   RO          806    x$fpl$dsub          fz_wm.l(daddsub_clz.o)
    0x0800442c   0x0800442c   0x00000056   Code   RO          774    x$fpl$f2d           fz_wm.l(f2d.o)
    0x08004482   0x08004482   0x0000008c   Code   RO          816    x$fpl$fnaninf       fz_wm.l(fnaninf.o)
    0x0800450e   0x0800450e   0x0000001a   Code   RO         1000    x$fpl$fpinit        fz_wm.l(fpinit.o)
    0x08004528   0x08004528   0x0000000a   Code   RO          818    x$fpl$fretinf       fz_wm.l(fretinf.o)
    0x08004532   0x08004532   0x00000004   Code   RO          776    x$fpl$printf1       fz_wm.l(printf1.o)
    0x08004536   0x08004536   0x00000000   Code   RO          820    x$fpl$usenofp       fz_wm.l(usenofp.o)
    0x08004536   0x08004536   0x00000002   PAD
    0x08004538   0x08004538   0x00000098   Data   RO          824    .constdata          m_wm.l(atan.o)
    0x080045d0   0x080045d0   0x00000008   Data   RO          848    .constdata          m_wm.l(qnan.o)
    0x080045d8   0x080045d8   0x00000094   Data   RO          883    .constdata          c_w.l(bigflt0.o)
    0x0800466c   0x0800466c   0x00000010   Data   RO          714    .rodata.AHBPrescTable  system_stm32f4xx.o
    0x0800467c   0x0800467c   0x00000008   Data   RO          715    .rodata.APBPrescTable  system_stm32f4xx.o
    0x08004684   0x08004684   0x0000002b   Data   RO           62    .rodata.str1.1      main.o
    0x080046af   0x080046af   0x00000001   PAD
    0x080046b0   0x080046b0   0x00000020   Data   RO         1076    Region$$Table       anon$$obj.o
    0x080046d0   0x080046d0   0x0000001c   Data   RO          909    locale$$data        c_w.l(lc_numeric_c.o)


    Execution Region RW_IRAM1 (Exec base: 0x20000000, Load base: 0x080046f0, Size: 0x00000790, Max: 0x0001c000, ABSOLUTE)

    Exec Addr    Load Addr    Size         Type   Attr      Idx    E Section Name        Object

    0x20000000   0x080046f0   0x00000008   Data   RW          672    .data..L_MergedGlobals  stm32f4xx_hal.o
    0x20000008   0x080046f8   0x00000004   Data   RW          713    .data.SystemCoreClock  system_stm32f4xx.o
    0x2000000c   0x080046fc   0x00000004   PAD
    0x20000010        -       0x00000060   Zero   RW          921    .bss                c_w.l(libspace.o)
    0x20000070        -       0x00000070   Zero   RW           39    .bss..L_MergedGlobals  tj_mpu6050.o
    0x200000e0        -       0x00000052   Zero   RW           67    .bss..L_MergedGlobals  main.o
    0x20000132   0x080046fc   0x00000002   PAD
    0x20000134        -       0x00000004   Zero   RW          184    .bss._ds1307_ui2c   ds1307_for_stm32_hal.o
    0x20000138        -       0x00000054   Zero   RW           61    .bss.hi2c1          main.o
    0x2000018c        -       0x00000004   Zero   RW          671    .bss.uwTick         stm32f4xx_hal.o
    0x20000190        -       0x00000200   Zero   RW            2    HEAP                startup_stm32f407xx.o
    0x20000390        -       0x00000400   Zero   RW            1    STACK               startup_stm32f407xx.o


    Execution Region RW_IRAM2 (Exec base: 0x2001c000, Load base: 0x08004700, Size: 0x00000000, Max: 0x00004000, ABSOLUTE)

    **** No section assigned to this execution region ****


==============================================================================

Image component sizes


      Code (inc. data)   RO Data    RW Data    ZI Data      Debug   Object Name

       322          0          0          0          4      12752   ds1307_for_stm32_hal.o
       516          0          0          0          0       3636   i2c-lcd.o
      1112         74         43          0        166       8749   main.o
        64         26        392          0       1536        824   startup_stm32f407xx.o
       204          0          0          8          4       7272   stm32f4xx_hal.o
       162          0          0          0          0      10470   stm32f4xx_hal_cortex.o
       452          0          0          0          0       5264   stm32f4xx_hal_gpio.o
      3056          0          0          0          0      53649   stm32f4xx_hal_i2c.o
       162          0          0          0          0       5104   stm32f4xx_hal_msp.o
      1384          0          0          0          0       7329   stm32f4xx_hal_rcc.o
        20          0          0          0          0       1130   stm32f4xx_it.o
        18          0         24          4          0       2609   system_stm32f4xx.o
       630         32          0          0        112      10064   tj_mpu6050.o

    ----------------------------------------------------------------------
      8156        132        492         12       1828     128852   Object Totals
         0          0         32          0          0          0   (incl. Generated)
        54          0          1          0          6          0   (incl. Padding)

    ----------------------------------------------------------------------

      Code (inc. data)   RO Data    RW Data    ZI Data      Debug   Library Member Name

         8          0          0          0          0         68   __main.o
       104          0          0          0          0         84   __printf.o
         0          0          0          0          0          0   __rtentry.o
        12          0          0          0          0          0   __rtentry2.o
         6          0          0          0          0          0   __rtentry4.o
        52          8          0          0          0          0   __scatter.o
        26          0          0          0          0          0   __scatter_copy.o
        28          0          0          0          0          0   __scatter_zi.o
        48          6          0          0          0         96   _printf_char_common.o
         6          0          0          0          0          0   _printf_d.o
       120         16          0          0          0         92   _printf_dec.o
         6          0          0          0          0          0   _printf_f.o
      1052          0          0          0          0        148   _printf_fp_dec.o
       128         16          0          0          0         84   _printf_fp_infnan.o
       178          0          0          0          0         88   _printf_intcommon.o
         0          0          0          0          0          0   _printf_percent.o
         4          0          0          0          0          0   _printf_percent_end.o
        22          0          0          0          0        100   _rserrno.o
        16          0          0          0          0         68   _snputc.o
       228          4        148          0          0         96   bigflt0.o
      1936        128          0          0          0        668   btod.o
        18          0          0          0          0         80   exit.o
         6          0          0          0          0        152   heapauxi.o
         0          0          0          0          0          0   indicate_semi.o
        44         10         28          0          0         76   lc_numeric_c.o
         2          0          0          0          0          0   libinit.o
        22          0          0          0          0          0   libinit2.o
         2          0          0          0          0          0   libshutdown.o
         2          0          0          0          0          0   libshutdown2.o
         8          4          0          0         96         68   libspace.o
       138          0          0          0          0         80   lludiv10.o
       240          0          0          0          0        100   lludivv7m.o
        64          6          0          0          0         84   noretval__2snprintf.o
         8          4          0          0          0         68   rt_errno_addr_intlibspace.o
         8          4          0          0          0         68   rt_locale_intlibspace.o
        78          0          0          0          0         80   rt_memclr_w.o
       100          0          0          0          0         80   rt_memcpy_w.o
         2          0          0          0          0          0   rtexit.o
        10          0          0          0          0          0   rtexit2.o
       124          0          0          0          0         88   strcmpv7em.o
        12          4          0          0          0         68   sys_exit.o
        74          0          0          0          0         80   sys_stackheap_outer.o
         2          0          0          0          0         68   use_no_semi.o
        24          0          0          0          0        164   basic.o
        98          4          0          0          0        140   d2f.o
       834         16          0          0          0        516   daddsub_clz.o
        24          0          0          0          0        116   dcmpi.o
       692        140          0          0          0        264   ddiv.o
       120          4          0          0          0        140   deqf.o
       340         12          0          0          0        152   dmul.o
       156          4          0          0          0        140   dnaninf.o
        12          0          0          0          0        116   dretinf.o
        86          4          0          0          0        132   f2d.o
       140          4          0          0          0        132   fnaninf.o
        26          0          0          0          0        116   fpinit.o
        10          0          0          0          0        116   fretinf.o
         4          0          0          0          0        116   printf1.o
         0          0          0          0          0          0   usenofp.o
       744        106        152          0          0        352   atan.o
       512         64          0          0          0        208   atan2.o
        72          8          0          0          0        372   dunder.o
        24          0          0          0          0        124   fabs.o
        48          0          0          0          0        124   fpclassify.o
       248          0          0          0          0        152   poly.o
         0          0          8          0          0          0   qnan.o

    ----------------------------------------------------------------------
      9172        576        336          0         96       6524   Library Totals
        14          0          0          0          0          0   (incl. Padding)

    ----------------------------------------------------------------------

      Code (inc. data)   RO Data    RW Data    ZI Data      Debug   Library Name

      4944        210        176          0         96       2832   c_w.l
      2566        188          0          0          0       2360   fz_wm.l
      1648        178        160          0          0       1332   m_wm.l

    ----------------------------------------------------------------------
      9172        576        336          0         96       6524   Library Totals

    ----------------------------------------------------------------------

==============================================================================


      Code (inc. data)   RO Data    RW Data    ZI Data      Debug   

     17328        708        828         12       1924     131348   Grand Totals
     17328        708        828         12       1924     131348   ELF Image Totals
     17328        708        828         12          0          0   ROM Totals

==============================================================================

    Total RO  Size (Code + RO Data)                18156 (  17.73kB)
    Total RW  Size (RW Data + ZI Data)              1936 (   1.89kB)
    Total ROM Size (Code + RO Data + RW Data)      18168 (  17.74kB)

==============================================================================

